Archive member included to satisfy reference by file (symbol)

C:/Users/cyaaq/.pico-sdk/toolchain/15_2_Rel1/bin/../lib/gcc/arm-none-eabi/15.2.1/thumb/v6-m/nofp\libgcc.a(_dvmd_tls.o)
                              CMakeFiles/src_pico.dir/C_/Users/cyaaq/.pico-sdk/sdk/2.3.0/src/rp2_common/pico_divider/divider_hardware.S.obj (__aeabi_idiv0)
C:/Users/cyaaq/.pico-sdk/toolchain/15_2_Rel1/bin/../lib/gcc/arm-none-eabi/15.2.1/../../../../arm-none-eabi/lib/thumb/v6-m/nofp\libg.a(libc_a-calloc.o)
                              CMakeFiles/src_pico.dir/C_/Users/cyaaq/.pico-sdk/sdk/2.3.0/src/rp2_common/pico_malloc/malloc.c.obj (calloc)
C:/Users/cyaaq/.pico-sdk/toolchain/15_2_Rel1/bin/../lib/gcc/arm-none-eabi/15.2.1/../../../../arm-none-eabi/lib/thumb/v6-m/nofp\libg.a(libc_a-callocr.o)
                              C:/Users/cyaaq/.pico-sdk/toolchain/15_2_Rel1/bin/../lib/gcc/arm-none-eabi/15.2.1/../../../../arm-none-eabi/lib/thumb/v6-m/nofp\libg.a(libc_a-calloc.o) (_calloc_r)
C:/Users/cyaaq/.pico-sdk/toolchain/15_2_Rel1/bin/../lib/gcc/arm-none-eabi/15.2.1/../../../../arm-none-eabi/lib/thumb/v6-m/nofp\libg.a(libc_a-malloc.o)
                              CMakeFiles/src_pico.dir/C_/Users/cyaaq/.pico-sdk/sdk/2.3.0/src/rp2_common/pico_malloc/malloc.c.obj (malloc)
C:/Users/cyaaq/.pico-sdk/toolchain/15_2_Rel1/bin/../lib/gcc/arm-none-eabi/15.2.1/../../../../arm-none-eabi/lib/thumb/v6-m/nofp\libg.a(libc_a-mallocr.o)
                              C:/Users/cyaaq/.pico-sdk/toolchain/15_2_Rel1/bin/../lib/gcc/arm-none-eabi/15.2.1/../../../../arm-none-eabi/lib/thumb/v6-m/nofp\libg.a(libc_a-callocr.o) (_malloc_r)
C:/Users/cyaaq/.pico-sdk/toolchain/15_2_Rel1/bin/../lib/gcc/arm-none-eabi/15.2.1/../../../../arm-none-eabi/lib/thumb/v6-m/nofp\libg.a(libc_a-mlock.o)
                              C:/Users/cyaaq/.pico-sdk/toolchain/15_2_Rel1/bin/../lib/gcc/arm-none-eabi/15.2.1/../../../../arm-none-eabi/lib/thumb/v6-m/nofp\libg.a(libc_a-mallocr.o) (__malloc_lock)
C:/Users/cyaaq/.pico-sdk/toolchain/15_2_Rel1/bin/../lib/gcc/arm-none-eabi/15.2.1/../../../../arm-none-eabi/lib/thumb/v6-m/nofp\libg.a(libc_a-realloc.o)
                              CMakeFiles/src_pico.dir/C_/Users/cyaaq/.pico-sdk/sdk/2.3.0/src/rp2_common/pico_malloc/malloc.c.obj (realloc)
C:/Users/cyaaq/.pico-sdk/toolchain/15_2_Rel1/bin/../lib/gcc/arm-none-eabi/15.2.1/../../../../arm-none-eabi/lib/thumb/v6-m/nofp\libg.a(libc_a-reallocr.o)
                              C:/Users/cyaaq/.pico-sdk/toolchain/15_2_Rel1/bin/../lib/gcc/arm-none-eabi/15.2.1/../../../../arm-none-eabi/lib/thumb/v6-m/nofp\libg.a(libc_a-realloc.o) (_realloc_r)
C:/Users/cyaaq/.pico-sdk/toolchain/15_2_Rel1/bin/../lib/gcc/arm-none-eabi/15.2.1/../../../../arm-none-eabi/lib/thumb/v6-m/nofp\libg.a(libc_a-ctype_.o)
                              CMakeFiles/src_pico.dir/C_/Users/cyaaq/.pico-sdk/sdk/2.3.0/lib/tinyusb/src/tusb.c.obj (_ctype_)
C:/Users/cyaaq/.pico-sdk/toolchain/15_2_Rel1/bin/../lib/gcc/arm-none-eabi/15.2.1/../../../../arm-none-eabi/lib/thumb/v6-m/nofp\libg.a(libc_a-memcmp.o)
                              CMakeFiles/src_pico.dir/C_/Users/cyaaq/.pico-sdk/sdk/2.3.0/src/rp2_common/pico_atomic/atomic.c.obj (memcmp)
C:/Users/cyaaq/.pico-sdk/toolchain/15_2_Rel1/bin/../lib/gcc/arm-none-eabi/15.2.1/../../../../arm-none-eabi/lib/thumb/v6-m/nofp\libg.a(libc_a-memmove.o)
                              C:/Users/cyaaq/.pico-sdk/toolchain/15_2_Rel1/bin/../lib/gcc/arm-none-eabi/15.2.1/../../../../arm-none-eabi/lib/thumb/v6-m/nofp\libg.a(libc_a-reallocr.o) (memmove)
C:/Users/cyaaq/.pico-sdk/toolchain/15_2_Rel1/bin/../lib/gcc/arm-none-eabi/15.2.1/../../../../arm-none-eabi/lib/thumb/v6-m/nofp\libg.a(libc_a-lcltime_r.o)
                              CMakeFiles/src_pico.dir/C_/Users/cyaaq/.pico-sdk/sdk/2.3.0/src/common/pico_util/datetime.c.obj (localtime_r)
C:/Users/cyaaq/.pico-sdk/toolchain/15_2_Rel1/bin/../lib/gcc/arm-none-eabi/15.2.1/../../../../arm-none-eabi/lib/thumb/v6-m/nofp\libg.a(libc_a-mktime.o)
                              CMakeFiles/src_pico.dir/C_/Users/cyaaq/.pico-sdk/sdk/2.3.0/src/common/pico_util/datetime.c.obj (mktime)
C:/Users/cyaaq/.pico-sdk/toolchain/15_2_Rel1/bin/../lib/gcc/arm-none-eabi/15.2.1/../../../../arm-none-eabi/lib/thumb/v6-m/nofp\libg.a(libc_a-month_lengths.o)
                              C:/Users/cyaaq/.pico-sdk/toolchain/15_2_Rel1/bin/../lib/gcc/arm-none-eabi/15.2.1/../../../../arm-none-eabi/lib/thumb/v6-m/nofp\libg.a(libc_a-lcltime_r.o) (__month_lengths)
C:/Users/cyaaq/.pico-sdk/toolchain/15_2_Rel1/bin/../lib/gcc/arm-none-eabi/15.2.1/../../../../arm-none-eabi/lib/thumb/v6-m/nofp\libg.a(libc_a-tzcalc_limits.o)
                              C:/Users/cyaaq/.pico-sdk/toolchain/15_2_Rel1/bin/../lib/gcc/arm-none-eabi/15.2.1/../../../../arm-none-eabi/lib/thumb/v6-m/nofp\libg.a(libc_a-lcltime_r.o) (__tzcalc_limits)
C:/Users/cyaaq/.pico-sdk/toolchain/15_2_Rel1/bin/../lib/gcc/arm-none-eabi/15.2.1/../../../../arm-none-eabi/lib/thumb/v6-m/nofp\libg.a(libc_a-tzlock.o)
[...]
Memory Configuration

Name             Origin             Length             Attributes
FLASH            0x10000000         0x00200000         xr
XIP_RAM          0x15000000         0x00004000         xrw
RAM              0x20000000         0x00040000         xrw
SCRATCH_X        0x20040000         0x00001000         xrw
SCRATCH_Y        0x20041000         0x00001000         xrw
*default*        0x00000000         0xffffffff

Linker script and memory map

                0x20000000                        RAM_ORIGIN_DEFAULT = 0x20000000
                0x00040000                        RAM_LENGTH_DEFAULT = 0x40000
                0x20040000                        SCRATCH_X_ORIGIN_DEFAULT = 0x20040000
                0x00001000                        SCRATCH_X_LENGTH_DEFAULT = 0x1000
                0x20041000                        SCRATCH_Y_ORIGIN_DEFAULT = 0x20041000
                0x00001000                        SCRATCH_Y_LENGTH_DEFAULT = 0x1000
                0x15000000                        XIP_RAM_ORIGIN_DEFAULT = 0x15000000
                0x00004000                        XIP_RAM_LENGTH_DEFAULT = 0x4000
LOAD CMakeFiles/src_pico.dir/src_pico.c.obj
LOAD CMakeFiles/src_pico.dir/lcd.c.obj
LOAD CMakeFiles/src_pico.dir/C_/Users/cyaaq/.pico-sdk/sdk/2.3.0/src/rp2_common/pico_stdlib/stdlib.c.obj
LOAD CMakeFiles/src_pico.dir/C_/Users/cyaaq/.pico-sdk/sdk/2.3.0/src/rp2_common/hardware_gpio/gpio.c.obj
LOAD CMakeFiles/src_pico.dir/C_/Users/cyaaq/.pico-sdk/sdk/2.3.0/src/rp2040/pico_platform/platform.c.obj
LOAD CMakeFiles/src_pico.dir/C_/Users/cyaaq/.pico-sdk/sdk/2.3.0/src/rp2_common/pico_platform_common/common.c.obj
LOAD CMakeFiles/src_pico.dir/C_/Users/cyaaq/.pico-sdk/sdk/2.3.0/src/rp2_common/pico_platform_panic/panic.c.obj
LOAD CMakeFiles/src_pico.dir/C_/Users/cyaaq/.pico-sdk/sdk/2.3.0/src/rp2_common/pico_platform_panic/custom_panic_function.S.obj
LOAD CMakeFiles/src_pico.dir/C_/Users/cyaaq/.pico-sdk/sdk/2.3.0/src/common/hardware_claim/claim.c.obj
LOAD CMakeFiles/src_pico.dir/C_/Users/cyaaq/.pico-sdk/sdk/2.3.0/src/rp2_common/hardware_sync/sync.c.obj
LOAD CMakeFiles/src_pico.dir/C_/Users/cyaaq/.pico-sdk/sdk/2.3.0/src/rp2_common/hardware_sync_spin_lock/sync_spin_lock.c.obj
LOAD CMakeFiles/src_pico.dir/C_/Users/cyaaq/.pico-sdk/sdk/2.3.0/src/rp2_common/hardware_irq/irq.c.obj
LOAD CMakeFiles/src_pico.dir/C_/Users/cyaaq/.pico-sdk/sdk/2.3.0/src/rp2_common/hardware_irq/irq_handler_chain.S.obj
LOAD CMakeFiles/src_pico.dir/C_/Users/cyaaq/.pico-sdk/sdk/2.3.0/src/common/pico_sync/sem.c.obj
LOAD CMakeFiles/src_pico.dir/C_/Users/cyaaq/.pico-sdk/sdk/2.3.0/src/common/pico_sync/lock_core.c.obj
LOAD CMakeFiles/src_pico.dir/C_/Users/cyaaq/.pico-sdk/sdk/2.3.0/src/common/pico_sync/mutex.c.obj
LOAD CMakeFiles/src_pico.dir/C_/Users/cyaaq/.pico-sdk/sdk/2.3.0/src/common/pico_sync/critical_section.c.obj
LOAD CMakeFiles/src_pico.dir/C_/Users/cyaaq/.pico-sdk/sdk/2.3.0/src/common/pico_time/time.c.obj
LOAD CMakeFiles/src_pico.dir/C_/Users/cyaaq/.pico-sdk/sdk/2.3.0/src/common/pico_time/timeout_helper.c.obj
LOAD CMakeFiles/src_pico.dir/C_/Users/cyaaq/.pico-sdk/sdk/2.3.0/src/rp2_common/hardware_timer/timer.c.obj
LOAD CMakeFiles/src_pico.dir/C_/Users/cyaaq/.pico-sdk/sdk/2.3.0/src/common/pico_util/datetime.c.obj
LOAD CMakeFiles/src_pico.dir/C_/Users/cyaaq/.pico-sdk/sdk/2.3.0/src/common/pico_util/fixed_bitset.c.obj
LOAD CMakeFiles/src_pico.dir/C_/Users/cyaaq/.pico-sdk/sdk/2.3.0/src/common/pico_util/pheap.c.obj
LOAD CMakeFiles/src_pico.dir/C_/Users/cyaaq/.pico-sdk/sdk/2.3.0/src/common/pico_util/queue.c.obj
LOAD CMakeFiles/src_pico.dir/C_/Users/cyaaq/.pico-sdk/sdk/2.3.0/src/rp2_common/hardware_uart/uart.c.obj
LOAD CMakeFiles/src_pico.dir/C_/Users/cyaaq/.pico-sdk/sdk/2.3.0/src/rp2_common/hardware_clocks/clocks.c.obj
LOAD CMakeFiles/src_pico.dir/C_/Users/cyaaq/.pico-sdk/sdk/2.3.0/src/rp2_common/hardware_pll/pll.c.obj
LOAD CMakeFiles/src_pico.dir/C_/Users/cyaaq/.pico-sdk/sdk/2.3.0/src/rp2_common/hardware_vreg/vreg.c.obj
LOAD CMakeFiles/src_pico.dir/C_/Users/cyaaq/.pico-sdk/sdk/2.3.0/src/rp2_common/hardware_watchdog/watchdog.c.obj
LOAD CMakeFiles/src_pico.dir/C_/Users/cyaaq/.pico-sdk/sdk/2.3.0/src/rp2_common/hardware_ticks/ticks.c.obj
LOAD CMakeFiles/src_pico.dir/C_/Users/cyaaq/.pico-sdk/sdk/2.3.0/src/rp2_common/pico_bootrom/bootrom.c.obj
LOAD CMakeFiles/src_pico.dir/C_/Users/cyaaq/.pico-sdk/sdk/2.3.0/src/rp2_common/pico_bootrom/bootrom_lock.c.obj
LOAD CMakeFiles/src_pico.dir/C_/Users/cyaaq/.pico-sdk/sdk/2.3.0/src/rp2_common/hardware_boot_lock/boot_lock.c.obj
LOAD CMakeFiles/src_pico.dir/C_/Users/cyaaq/.pico-sdk/sdk/2.3.0/src/rp2_common/pico_flash/flash.c.obj
LOAD CMakeFiles/src_pico.dir/C_/Users/cyaaq/.pico-sdk/sdk/2.3.0/src/rp2_common/hardware_xosc/xosc.c.obj
LOAD CMakeFiles/src_pico.dir/C_/Users/cyaaq/.pico-sdk/sdk/2.3.0/src/rp2_common/hardware_divider/divider.S.obj
LOAD CMakeFiles/src_pico.dir/C_/Users/cyaaq/.pico-sdk/sdk/2.3.0/src/rp2_common/pico_runtime/runtime.c.obj
LOAD CMakeFiles/src_pico.dir/C_/Users/cyaaq/.pico-sdk/sdk/2.3.0/src/rp2_common/pico_runtime_init/runtime_init.c.obj
LOAD CMakeFiles/src_pico.dir/C_/Users/cyaaq/.pico-sdk/sdk/2.3.0/src/rp2_common/pico_runtime_init/runtime_init_clocks.c.obj
LOAD CMakeFiles/src_pico.dir/C_/Users/cyaaq/.pico-sdk/sdk/2.3.0/src/rp2_common/pico_runtime_init/runtime_init_stack_guard.c.obj
LOAD CMakeFiles/src_pico.dir/C_/Users/cyaaq/.pico-sdk/sdk/2.3.0/src/rp2_common/hardware_rtc/rtc.c.obj
LOAD CMakeFiles/src_pico.dir/C_/Users/cyaaq/.pico-sdk/sdk/2.3.0/src/rp2_common/pico_bit_ops/bit_ops_aeabi.S.obj
LOAD CMakeFiles/src_pico.dir/C_/Users/cyaaq/.pico-sdk/sdk/2.3.0/src/rp2_common/pico_divider/divider_hardware.S.obj
LOAD CMakeFiles/src_pico.dir/C_/Users/cyaaq/.pico-sdk/sdk/2.3.0/src/rp2_common/pico_double/double_aeabi_rp2040.S.obj
LOAD CMakeFiles/src_pico.dir/C_/Users/cyaaq/.pico-sdk/sdk/2.3.0/src/rp2_common/pico_double/double_init_rom_rp2040.c.obj
LOAD CMakeFiles/src_pico.dir/C_/Users/cyaaq/.pico-sdk/sdk/2.3.0/src/rp2_common/pico_double/double_math.c.obj
LOAD CMakeFiles/src_pico.dir/C_/Users/cyaaq/.pico-sdk/sdk/2.3.0/src/rp2_common/pico_double/double_v1_rom_shim_rp2040.S.obj
LOAD CMakeFiles/src_pico.dir/C_/Users/cyaaq/.pico-sdk/sdk/2.3.0/src/rp2_common/pico_int64_ops/pico_int64_ops_aeabi.S.obj
LOAD CMakeFiles/src_pico.dir/C_/Users/cyaaq/.pico-sdk/sdk/2.3.0/src/rp2_common/pico_float/float_aeabi_rp2040.S.obj
LOAD CMakeFiles/src_pico.dir/C_/Users/cyaaq/.pico-sdk/sdk/2.3.0/src/rp2_common/pico_float/float_init_rom_rp2040.c.obj
LOAD CMakeFiles/src_pico.dir/C_/Users/cyaaq/.pico-sdk/sdk/2.3.0/src/rp2_common/pico_float/float_math.c.obj
LOAD CMakeFiles/src_pico.dir/C_/Users/cyaaq/.pico-sdk/sdk/2.3.0/src/rp2_common/pico_float/float_v1_rom_shim_rp2040.S.obj
LOAD CMakeFiles/src_pico.dir/C_/Users/cyaaq/.pico-sdk/sdk/2.3.0/src/rp2_common/pico_malloc/malloc.c.obj
LOAD CMakeFiles/src_pico.dir/C_/Users/cyaaq/.pico-sdk/sdk/2.3.0/src/rp2_common/pico_mem_ops/mem_ops_aeabi.S.obj
LOAD CMakeFiles/src_pico.dir/C_/Users/cyaaq/.pico-sdk/sdk/2.3.0/src/rp2_common/pico_atomic/atomic.c.obj
LOAD CMakeFiles/src_pico.dir/C_/Users/cyaaq/.pico-sdk/sdk/2.3.0/src/rp2_common/pico_cxx_options/new_delete.cpp.obj
LOAD CMakeFiles/src_pico.dir/C_/Users/cyaaq/.pico-sdk/sdk/2.3.0/src/rp2_common/pico_standard_binary_info/standard_binary_info.c.obj
LOAD CMakeFiles/src_pico.dir/C_/Users/cyaaq/.pico-sdk/sdk/2.3.0/src/rp2_common/pico_printf/printf.c.obj
LOAD CMakeFiles/src_pico.dir/C_/Users/cyaaq/.pico-sdk/sdk/2.3.0/src/rp2_common/pico_crt0/crt0.S.obj
LOAD CMakeFiles/src_pico.dir/C_/Users/cyaaq/.pico-sdk/sdk/2.3.0/src/rp2_common/pico_clib_interface/newlib_interface.c.obj
LOAD CMakeFiles/src_pico.dir/C_/Users/cyaaq/.pico-sdk/sdk/2.3.0/src/rp2_common/pico_clib_interface/cxa_guard.c.obj
LOAD CMakeFiles/src_pico.dir/C_/Users/cyaaq/.pico-sdk/sdk/2.3.0/src/rp2_common/pico_stdio/stdio.c.obj
LOAD CMakeFiles/src_pico.dir/C_/Users/cyaaq/.pico-sdk/sdk/2.3.0/src/rp2_common/pico_stdio_usb/stdio_usb.c.obj
LOAD CMakeFiles/src_pico.dir/C_/Users/cyaaq/.pico-sdk/sdk/2.3.0/src/rp2_common/pico_stdio_usb/stdio_usb_descriptors.c.obj
LOAD CMakeFiles/src_pico.dir/C_/Users/cyaaq/.pico-sdk/sdk/2.3.0/src/rp2_common/pico_unique_id/unique_id.c.obj
LOAD CMakeFiles/src_pico.dir/C_/Users/cyaaq/.pico-sdk/sdk/2.3.0/src/rp2_common/hardware_flash/flash.c.obj
LOAD CMakeFiles/src_pico.dir/C_/Users/cyaaq/.pico-sdk/sdk/2.3.0/src/rp2_common/hardware_xip_cache/xip_cache.c.obj
LOAD CMakeFiles/src_pico.dir/C_/Users/cyaaq/.pico-sdk/sdk/2.3.0/src/rp2_common/pico_usb_reset/usb_reset.c.obj
LOAD CMakeFiles/src_pico.dir/C_/Users/cyaaq/.pico-sdk/sdk/2.3.0/lib/tinyusb/src/portable/raspberrypi/rp2040/dcd_rp2040.c.obj
LOAD CMakeFiles/src_pico.dir/C_/Users/cyaaq/.pico-sdk/sdk/2.3.0/lib/tinyusb/src/portable/raspberrypi/rp2040/rp2040_usb.c.obj
LOAD CMakeFiles/src_pico.dir/C_/Users/cyaaq/.pico-sdk/sdk/2.3.0/lib/tinyusb/src/device/usbd.c.obj
LOAD CMakeFiles/src_pico.dir/C_/Users/cyaaq/.pico-sdk/sdk/2.3.0/lib/tinyusb/src/device/usbd_control.c.obj
LOAD CMakeFiles/src_pico.dir/C_/Users/cyaaq/.pico-sdk/sdk/2.3.0/lib/tinyusb/src/class/audio/audio_device.c.obj
LOAD CMakeFiles/src_pico.dir/C_/Users/cyaaq/.pico-sdk/sdk/2.3.0/lib/tinyusb/src/class/cdc/cdc_device.c.obj
LOAD CMakeFiles/src_pico.dir/C_/Users/cyaaq/.pico-sdk/sdk/2.3.0/lib/tinyusb/src/class/dfu/dfu_device.c.obj
LOAD CMakeFiles/src_pico.dir/C_/Users/cyaaq/.pico-sdk/sdk/2.3.0/lib/tinyusb/src/class/dfu/dfu_rt_device.c.obj
LOAD CMakeFiles/src_pico.dir/C_/Users/cyaaq/.pico-sdk/sdk/2.3.0/lib/tinyusb/src/class/hid/hid_device.c.obj
LOAD CMakeFiles/src_pico.dir/C_/Users/cyaaq/.pico-sdk/sdk/2.3.0/lib/tinyusb/src/class/midi/midi_device.c.obj
LOAD CMakeFiles/src_pico.dir/C_/Users/cyaaq/.pico-sdk/sdk/2.3.0/lib/tinyusb/src/class/msc/msc_device.c.obj
LOAD CMakeFiles/src_pico.dir/C_/Users/cyaaq/.pico-sdk/sdk/2.3.0/lib/tinyusb/src/class/net/ecm_rndis_device.c.obj
LOAD CMakeFiles/src_pico.dir/C_/Users/cyaaq/.pico-sdk/sdk/2.3.0/lib/tinyusb/src/class/net/ncm_device.c.obj
LOAD CMakeFiles/src_pico.dir/C_/Users/cyaaq/.pico-sdk/sdk/2.3.0/lib/tinyusb/src/class/usbtmc/usbtmc_device.c.obj
LOAD CMakeFiles/src_pico.dir/C_/Users/cyaaq/.pico-sdk/sdk/2.3.0/lib/tinyusb/src/class/vendor/vendor_device.c.obj
LOAD CMakeFiles/src_pico.dir/C_/Users/cyaaq/.pico-sdk/sdk/2.3.0/lib/tinyusb/src/class/video/video_device.c.obj
LOAD CMakeFiles/src_pico.dir/C_/Users/cyaaq/.pico-sdk/sdk/2.3.0/lib/tinyusb/src/tusb.c.obj
LOAD CMakeFiles/src_pico.dir/C_/Users/cyaaq/.pico-sdk/sdk/2.3.0/lib/tinyusb/src/common/tusb_fifo.c.obj
LOAD CMakeFiles/src_pico.dir/C_/Users/cyaaq/.pico-sdk/sdk/2.3.0/src/rp2_common/pico_fix/rp2040_usb_device_enumeration/rp2040_usb_device_enumeration.c.obj
LOAD CMakeFiles/src_pico.dir/C_/Users/cyaaq/.pico-sdk/sdk/2.3.0/src/rp2_common/pico_thread_local/thread_local.c.obj
LOAD CMakeFiles/src_pico.dir/C_/Users/cyaaq/.pico-sdk/sdk/2.3.0/src/rp2_common/hardware_spi/spi.c.obj
LOAD pico-sdk/src/rp2040/boot_stage2/CMakeFiles/bs2_default_library.dir/./bs2_default_padded_checksummed.S.obj
LOAD C:/Users/cyaaq/.pico-sdk/toolchain/15_2_Rel1/bin/../lib/gcc/arm-none-eabi/15.2.1/../../../../arm-none-eabi/lib/thumb/v6-m/nofp\libstdc++.a
LOAD C:/Users/cyaaq/.pico-sdk/toolchain/15_2_Rel1/bin/../lib/gcc/arm-none-eabi/15.2.1/../../../../arm-none-eabi/lib/thumb/v6-m/nofp\libm.a
START GROUP
LOAD C:/Users/cyaaq/.pico-sdk/toolchain/15_2_Rel1/bin/../lib/gcc/arm-none-eabi/15.2.1/thumb/v6-m/nofp\libgcc.a
LOAD C:/Users/cyaaq/.pico-sdk/toolchain/15_2_Rel1/bin/../lib/gcc/arm-none-eabi/15.2.1/../../../../arm-none-eabi/lib/thumb/v6-m/nofp\libg.a
LOAD C:/Users/cyaaq/.pico-sdk/toolchain/15_2_Rel1/bin/../lib/gcc/arm-none-eabi/15.2.1/../../../../arm-none-eabi/lib/thumb/v6-m/nofp\libc.a
END GROUP
                0x20000000                        PROVIDE (RAM_ORIGIN = RAM_ORIGIN_DEFAULT)
                0x00040000                        PROVIDE (RAM_LENGTH = RAM_LENGTH_DEFAULT)
                0x20040000                        PROVIDE (SCRATCH_X_ORIGIN = SCRATCH_X_ORIGIN_DEFAULT)
                0x00001000                        PROVIDE (SCRATCH_X_LENGTH = SCRATCH_X_LENGTH_DEFAULT)
                0x20041000                        PROVIDE (SCRATCH_Y_ORIGIN = SCRATCH_Y_ORIGIN_DEFAULT)
                0x00001000                        PROVIDE (SCRATCH_Y_LENGTH = SCRATCH_Y_LENGTH_DEFAULT)
                0x15000000                        PROVIDE (XIP_RAM_ORIGIN = XIP_RAM_ORIGIN_DEFAULT)
                0x00004000                        PROVIDE (XIP_RAM_LENGTH = XIP_RAM_LENGTH_DEFAULT)
                0x20000000                        RAM_ORIGIN = DEFINED (RAM_ORIGIN)?RAM_ORIGIN:RAM_ORIGIN_DEFAULT
                0x00040000                        RAM_LENGTH = DEFINED (RAM_LENGTH)?RAM_LENGTH:RAM_LENGTH_DEFAULT
                0x20040000                        SCRATCH_X_ORIGIN = DEFINED (SCRATCH_X_ORIGIN)?SCRATCH_X_ORIGIN:SCRATCH_X_ORIGIN_DEFAULT
                0x00001000                        SCRATCH_X_LENGTH = DEFINED (SCRATCH_X_LENGTH)?SCRATCH_X_LENGTH:SCRATCH_X_LENGTH_DEFAULT
                0x20041000                        SCRATCH_Y_ORIGIN = DEFINED (SCRATCH_Y_ORIGIN)?SCRATCH_Y_ORIGIN:SCRATCH_Y_ORIGIN_DEFAULT
                0x00001000                        SCRATCH_Y_LENGTH = DEFINED (SCRATCH_Y_LENGTH)?SCRATCH_Y_LENGTH:SCRATCH_Y_LENGTH_DEFAULT
                0x15000000                        XIP_RAM_ORIGIN = DEFINED (XIP_RAM_ORIGIN)?XIP_RAM_ORIGIN:XIP_RAM_ORIGIN_DEFAULT
                0x00004000                        XIP_RAM_LENGTH = DEFINED (XIP_RAM_LENGTH)?XIP_RAM_LENGTH:XIP_RAM_LENGTH_DEFAULT

.flash_begin    0x10000000        0x0
                0x10000000                        __flash_binary_start = .

.boot2          0x10000000      0x100
                0x10000000                        __boot2_start__ = .
 *(.boot2)
 .boot2         0x10000000      0x100 pico-sdk/src/rp2040/boot_stage2/CMakeFiles/bs2_default_library.dir/./bs2_default_padded_checksummed.S.obj
                0x10000100                        __boot2_end__ = .
                0x00000001                        ASSERT (((__boot2_end__ - __boot2_start__) == 0x100), ERROR: Pico second stage bootloader must be exactly 256 bytes in size for RP2040)

.text           0x10000100     0x66e8
                0x10000100                        __logical_binary_start = .
 *(.vectors)
 .vectors       0x10000100       0xd4 CMakeFiles/src_pico.dir/C_/Users/cyaaq/.pico-sdk/sdk/2.3.0/src/rp2_common/pico_crt0/crt0.S.obj
                0x10000100                __VECTOR_TABLE
                0x10000100                __vectors
                0x100001c0                isr_irq13
                0x100001c0                isr_irq27
                0x100001c0                isr_irq31
                0x100001c0                isr_irq12
                0x100001c0                isr_irq5
                0x100001c0                isr_irq11
                0x100001c0                isr_irq3
                0x100001c0                isr_irq23
                0x100001c0                __unhandled_user_irq
                0x100001c0                isr_irq26
                0x100001c0                isr_irq28
                0x100001c0                isr_irq19
                0x100001c0                isr_irq0
                0x100001c0                isr_irq6
                0x100001c0                isr_irq29
                0x100001c0                isr_irq16
                0x100001c0                isr_irq22
                0x100001c0                isr_irq18
                0x100001c0                isr_irq17
                0x100001c0                isr_irq14
                0x100001c0                __vectors_end
                0x100001c0                __default_isrs_start
                0x100001c0                isr_irq2
                0x100001c0                isr_irq10
                0x100001c0                isr_irq8
                0x100001c0                isr_irq24
                0x100001c0                isr_irq1
                0x100001c0                isr_irq7
                0x100001c0                isr_irq21
                0x100001c0                isr_irq20
                0x100001c0                isr_irq15
                0x100001c0                isr_irq25
                0x100001c0                isr_irq4
                0x100001c0                isr_irq30
                0x100001c0                isr_irq9
                0x100001c6                unhandled_user_irq_num_in_r0
                0x100001c8                isr_invalid
                0x100001ca                isr_nmi
                0x100001cc                isr_hardfault
                0x100001ce                isr_svcall
                0x100001d0                isr_pendsv
                0x100001d2                isr_systick
                0x100001d4                __default_isrs_end
 *(.binary_info_header)
 .binary_info_header
                0x100001d4       0x14 CMakeFiles/src_pico.dir/C_/Users/cyaaq/.pico-sdk/sdk/2.3.0/src/rp2_common/pico_crt0/crt0.S.obj
                0x100001e8                        __binary_info_header_end = .
 *(.embedded_block)
                0x100001e8                        __embedded_block_end = .
 *(.reset)
 .reset         0x100001e8       0x98 CMakeFiles/src_pico.dir/C_/Users/cyaaq/.pico-sdk/sdk/2.3.0/src/rp2_common/pico_crt0/crt0.S.obj
                0x100001e8                _entry_point
 *(.init)
 *libgcc.a:cmse_nonsecure_call.o()
 *(EXCLUDE_FILE(*libm.a: *lib*_a-mem*.o *libc.a: *libgcc.a:) .text*)
 .text.main     0x10000280       0xf4 CMakeFiles/src_pico.dir/src_pico.c.obj
                0x10000280                main
 .text.lcd_pulse_enable
                0x10000374       0x20 CMakeFiles/src_pico.dir/lcd.c.obj
 .text.lcd_write_nibble
                0x10000394       0x70 CMakeFiles/src_pico.dir/lcd.c.obj
 .text.lcd_send_byte
                0x10000404       0x36 CMakeFiles/src_pico.dir/lcd.c.obj
 .text.lcd_command
                0x1000043a        0xa CMakeFiles/src_pico.dir/lcd.c.obj
 .text.lcd_data
                0x10000444        0xa CMakeFiles/src_pico.dir/lcd.c.obj
 .text.set_to_4_bit_mode
                0x1000044e       0x3a CMakeFiles/src_pico.dir/lcd.c.obj
 .text.lcd_clear
                0x10000488       0x10 CMakeFiles/src_pico.dir/lcd.c.obj
                0x10000488                lcd_clear
 .text.lcd_init
                0x10000498       0x76 CMakeFiles/src_pico.dir/lcd.c.obj
                0x10000498                lcd_init
 .text.lcd_set_cursor
                0x1000050e       0x30 CMakeFiles/src_pico.dir/lcd.c.obj
                0x1000050e                lcd_set_cursor
 .text.lcd_print
                0x1000053e       0x14 CMakeFiles/src_pico.dir/lcd.c.obj
                0x1000053e                lcd_print
 *fill*         0x10000552        0x2 
 .text.gpio_set_function
                0x10000554       0x34 CMakeFiles/src_pico.dir/C_/Users/cyaaq/.pico-sdk/sdk/2.3.0/src/rp2_common/hardware_gpio/gpio.c.obj
                0x10000554                gpio_set_function
 .text.gpio_init
                0x10000588       0x16 CMakeFiles/src_pico.dir/C_/Users/cyaaq/.pico-sdk/sdk/2.3.0/src/rp2_common/hardware_gpio/gpio.c.obj
                0x10000588                gpio_init
 *fill*         0x1000059e        0x2 
 .text.rp2040_chip_version
                0x100005a0       0x54 CMakeFiles/src_pico.dir/C_/Users/cyaaq/.pico-sdk/sdk/2.3.0/src/rp2040/pico_platform/platform.c.obj
                0x100005a0                rp2040_chip_version
 .text.panic    0x100005f4       0x30 CMakeFiles/src_pico.dir/C_/Users/cyaaq/.pico-sdk/sdk/2.3.0/src/rp2_common/pico_platform_panic/panic.c.obj
                0x100005f4                panic
 .text.hw_claim_lock
                0x10000624       0x18 CMakeFiles/src_pico.dir/C_/Users/cyaaq/.pico-sdk/sdk/2.3.0/src/common/hardware_claim/claim.c.obj
                0x10000624                hw_claim_lock
 .text.hw_claim_unlock
                0x1000063c       0x14 CMakeFiles/src_pico.dir/C_/Users/cyaaq/.pico-sdk/sdk/2.3.0/src/common/hardware_claim/claim.c.obj
                0x1000063c                hw_claim_unlock
 .text.hw_claim_or_assert
                0x10000650       0x36 CMakeFiles/src_pico.dir/C_/Users/cyaaq/.pico-sdk/sdk/2.3.0/src/common/hardware_claim/claim.c.obj
                0x10000650                hw_claim_or_assert
 .text.hw_claim_unused_from_range
                0x10000686       0x50 CMakeFiles/src_pico.dir/C_/Users/cyaaq/.pico-sdk/sdk/2.3.0/src/common/hardware_claim/claim.c.obj
                0x10000686                hw_claim_unused_from_range
 *fill*         0x100006d6        0x2 
 .text.next_striped_spin_lock_num
                0x100006d8       0x1c CMakeFiles/src_pico.dir/C_/Users/cyaaq/.pico-sdk/sdk/2.3.0/src/rp2_common/hardware_sync/sync.c.obj
                0x100006d8                next_striped_spin_lock_num
 .text.spin_lock_claim_unused
                0x100006f4       0x20 CMakeFiles/src_pico.dir/C_/Users/cyaaq/.pico-sdk/sdk/2.3.0/src/rp2_common/hardware_sync/sync.c.obj
                0x100006f4                spin_lock_claim_unused
 .text.spin_locks_reset
                0x10000714       0x20 CMakeFiles/src_pico.dir/C_/Users/cyaaq/.pico-sdk/sdk/2.3.0/src/rp2_common/hardware_sync_spin_lock/sync_spin_lock.c.obj
                0x10000714                spin_locks_reset
 .text.set_raw_irq_handler_and_unlock
                0x10000734       0x28 CMakeFiles/src_pico.dir/C_/Users/cyaaq/.pico-sdk/sdk/2.3.0/src/rp2_common/hardware_irq/irq.c.obj
 .text.nvic_ipr0
                0x1000075c        0x8 CMakeFiles/src_pico.dir/C_/Users/cyaaq/.pico-sdk/sdk/2.3.0/src/rp2_common/hardware_irq/irq.c.obj
 .text.runtime_init_per_core_irq_priorities
                0x10000764       0x1c CMakeFiles/src_pico.dir/C_/Users/cyaaq/.pico-sdk/sdk/2.3.0/src/rp2_common/hardware_irq/irq.c.obj
                0x10000764                runtime_init_per_core_irq_priorities
 .text.resolve_j_16
                0x10000780       0x30 CMakeFiles/src_pico.dir/C_/Users/cyaaq/.pico-sdk/sdk/2.3.0/src/rp2_common/hardware_irq/irq.c.obj
 .text.make_j_16
                0x100007b0       0x48 CMakeFiles/src_pico.dir/C_/Users/cyaaq/.pico-sdk/sdk/2.3.0/src/rp2_common/hardware_irq/irq.c.obj
 .text.irq_is_enabled
                0x100007f8       0x18 CMakeFiles/src_pico.dir/C_/Users/cyaaq/.pico-sdk/sdk/2.3.0/src/rp2_common/hardware_irq/irq.c.obj
                0x100007f8                irq_is_enabled
 .text.irq_set_mask_n_enabled
                0x10000810       0x1c CMakeFiles/src_pico.dir/C_/Users/cyaaq/.pico-sdk/sdk/2.3.0/src/rp2_common/hardware_irq/irq.c.obj
                0x10000810                irq_set_mask_n_enabled
 .text.irq_set_enabled
                0x1000082c       0x14 CMakeFiles/src_pico.dir/C_/Users/cyaaq/.pico-sdk/sdk/2.3.0/src/rp2_common/hardware_irq/irq.c.obj
                0x1000082c                irq_set_enabled
 .text.irq_set_pending
                0x10000840       0x10 CMakeFiles/src_pico.dir/C_/Users/cyaaq/.pico-sdk/sdk/2.3.0/src/rp2_common/hardware_irq/irq.c.obj
                0x10000840                irq_set_pending
 .text.irq_get_vtable_handler
                0x10000850       0x10 CMakeFiles/src_pico.dir/C_/Users/cyaaq/.pico-sdk/sdk/2.3.0/src/rp2_common/hardware_irq/irq.c.obj
                0x10000850                irq_get_vtable_handler
 .text.irq_has_shared_handler
                0x10000860       0x1c CMakeFiles/src_pico.dir/C_/Users/cyaaq/.pico-sdk/sdk/2.3.0/src/rp2_common/hardware_irq/irq.c.obj
                0x10000860                irq_has_shared_handler
 .text.irq_set_exclusive_handler
                0x1000087c       0x58 CMakeFiles/src_pico.dir/C_/Users/cyaaq/.pico-sdk/sdk/2.3.0/src/rp2_common/hardware_irq/irq.c.obj
                0x1000087c                irq_set_exclusive_handler
 .text.irq_add_shared_handler
                0x100008d4      0x218 CMakeFiles/src_pico.dir/C_/Users/cyaaq/.pico-sdk/sdk/2.3.0/src/rp2_common/hardware_irq/irq.c.obj
                0x100008d4                irq_add_shared_handler
 .text.irq_add_tail_to_free_list
                0x10000aec       0xf8 CMakeFiles/src_pico.dir/C_/Users/cyaaq/.pico-sdk/sdk/2.3.0/src/rp2_common/hardware_irq/irq.c.obj
                0x10000aec                irq_add_tail_to_free_list
 .text.user_irq_claim_unused
                0x10000be4       0x28 CMakeFiles/src_pico.dir/C_/Users/cyaaq/.pico-sdk/sdk/2.3.0/src/rp2_common/hardware_irq/irq.c.obj
                0x10000be4                user_irq_claim_unused
 .text.lock_init
                0x10000c0c       0x10 CMakeFiles/src_pico.dir/C_/Users/cyaaq/.pico-sdk/sdk/2.3.0/src/common/pico_sync/lock_core.c.obj
                0x10000c0c                lock_init
 .text.mutex_init
                0x10000c1c       0x1a CMakeFiles/src_pico.dir/C_/Users/cyaaq/.pico-sdk/sdk/2.3.0/src/common/pico_sync/mutex.c.obj
                0x10000c1c                mutex_init
 .text.recursive_mutex_init
                0x10000c36       0x1e CMakeFiles/src_pico.dir/C_/Users/cyaaq/.pico-sdk/sdk/2.3.0/src/common/pico_sync/mutex.c.obj
                0x10000c36                recursive_mutex_init
 .text.runtime_init_mutex
                0x10000c54       0x4c CMakeFiles/src_pico.dir/C_/Users/cyaaq/.pico-sdk/sdk/2.3.0/src/common/pico_sync/mutex.c.obj
                0x10000c54                runtime_init_mutex
 .text.critical_section_init_with_lock_num
                0x10000ca0       0x14 CMakeFiles/src_pico.dir/C_/Users/cyaaq/.pico-sdk/sdk/2.3.0/src/common/pico_sync/critical_section.c.obj
                0x10000ca0                critical_section_init_with_lock_num
 .text.critical_section_init
                0x10000cb4       0x14 CMakeFiles/src_pico.dir/C_/Users/cyaaq/.pico-sdk/sdk/2.3.0/src/common/pico_sync/critical_section.c.obj
                0x10000cb4                critical_section_init
 .text.ta_set_timeout
                0x10000cc8       0x28 CMakeFiles/src_pico.dir/C_/Users/cyaaq/.pico-sdk/sdk/2.3.0/src/common/pico_time/time.c.obj
 .text.make_alarm_id
                0x10000cf0        0x6 CMakeFiles/src_pico.dir/C_/Users/cyaaq/.pico-sdk/sdk/2.3.0/src/common/pico_time/time.c.obj
 *fill*         0x10000cf6        0x2 
 .text.sleep_until_callback
                0x10000cf8       0x30 CMakeFiles/src_pico.dir/C_/Users/cyaaq/.pico-sdk/sdk/2.3.0/src/common/pico_time/time.c.obj
 .text.alarm_pool_irq_handler
                0x10000d28      0x2f4 CMakeFiles/src_pico.dir/C_/Users/cyaaq/.pico-sdk/sdk/2.3.0/src/common/pico_time/time.c.obj
 .text.ta_enable_irq_handler
                0x1000101c       0x2c CMakeFiles/src_pico.dir/C_/Users/cyaaq/.pico-sdk/sdk/2.3.0/src/common/pico_time/time.c.obj
 .text.alarm_pool_post_alloc_init
                0x10001048       0x68 CMakeFiles/src_pico.dir/C_/Users/cyaaq/.pico-sdk/sdk/2.3.0/src/common/pico_time/time.c.obj
 .text.alarm_pool_get_default
                0x100010b0       0x2c CMakeFiles/src_pico.dir/C_/Users/cyaaq/.pico-sdk/sdk/2.3.0/src/common/pico_time/time.c.obj
                0x100010b0                alarm_pool_get_default
 .text.alarm_pool_add_alarm_at_force_in_context
                0x100010dc       0xa4 CMakeFiles/src_pico.dir/C_/Users/cyaaq/.pico-sdk/sdk/2.3.0/src/common/pico_time/time.c.obj
                0x100010dc                alarm_pool_add_alarm_at_force_in_context
 .text.alarm_pool_add_alarm_at
                0x10001180       0x3c CMakeFiles/src_pico.dir/C_/Users/cyaaq/.pico-sdk/sdk/2.3.0/src/common/pico_time/time.c.obj
                0x10001180                alarm_pool_add_alarm_at
 .text.add_alarm_at
                0x100011bc       0x2e CMakeFiles/src_pico.dir/C_/Users/cyaaq/.pico-sdk/sdk/2.3.0/src/common/pico_time/time.c.obj
 *fill*         0x100011ea        0x2 
 .text.alarm_pool_cancel_alarm
                0x100011ec       0x7c CMakeFiles/src_pico.dir/C_/Users/cyaaq/.pico-sdk/sdk/2.3.0/src/common/pico_time/time.c.obj
                0x100011ec                alarm_pool_cancel_alarm
 .text.cancel_alarm
                0x10001268       0x10 CMakeFiles/src_pico.dir/C_/Users/cyaaq/.pico-sdk/sdk/2.3.0/src/common/pico_time/time.c.obj
 .text.alarm_pool_core_num
                0x10001278        0x4 CMakeFiles/src_pico.dir/C_/Users/cyaaq/.pico-sdk/sdk/2.3.0/src/common/pico_time/time.c.obj
                0x10001278                alarm_pool_core_num
 .text.sleep_until
                0x1000127c       0xb0 CMakeFiles/src_pico.dir/C_/Users/cyaaq/.pico-sdk/sdk/2.3.0/src/common/pico_time/time.c.obj
                0x1000127c                sleep_until
 .text.sleep_us
                0x1000132c       0x2c CMakeFiles/src_pico.dir/C_/Users/cyaaq/.pico-sdk/sdk/2.3.0/src/common/pico_time/time.c.obj
                0x1000132c                sleep_us
 .text.sleep_ms
                0x10001358       0x14 CMakeFiles/src_pico.dir/C_/Users/cyaaq/.pico-sdk/sdk/2.3.0/src/common/pico_time/time.c.obj
                0x10001358                sleep_ms
 .text.best_effort_wfe_or_timeout
                0x1000136c      0x140 CMakeFiles/src_pico.dir/C_/Users/cyaaq/.pico-sdk/sdk/2.3.0/src/common/pico_time/time.c.obj
                0x1000136c                best_effort_wfe_or_timeout
 .text.alarm_pool_get_default_timer
                0x100014ac        0x8 CMakeFiles/src_pico.dir/C_/Users/cyaaq/.pico-sdk/sdk/2.3.0/src/common/pico_time/time.c.obj
                0x100014ac                alarm_pool_get_default_timer
 .text.runtime_init_default_alarm_pool
                0x100014b4       0x38 CMakeFiles/src_pico.dir/C_/Users/cyaaq/.pico-sdk/sdk/2.3.0/src/common/pico_time/time.c.obj
                0x100014b4                runtime_init_default_alarm_pool
 .text.timer_hardware_alarm_claim
                0x100014ec       0x14 CMakeFiles/src_pico.dir/C_/Users/cyaaq/.pico-sdk/sdk/2.3.0/src/rp2_common/hardware_timer/timer.c.obj
                0x100014ec                timer_hardware_alarm_claim
 .text.timer_time_us_64
                0x10001500       0x10 CMakeFiles/src_pico.dir/C_/Users/cyaaq/.pico-sdk/sdk/2.3.0/src/rp2_common/hardware_timer/timer.c.obj
                0x10001500                timer_time_us_64
 .text.timer_busy_wait_until
                0x10001510       0x1a CMakeFiles/src_pico.dir/C_/Users/cyaaq/.pico-sdk/sdk/2.3.0/src/rp2_common/hardware_timer/timer.c.obj
                0x10001510                timer_busy_wait_until
 *fill*         0x1000152a        0x2 
 .text.time_us_64
                0x1000152c       0x10 CMakeFiles/src_pico.dir/C_/Users/cyaaq/.pico-sdk/sdk/2.3.0/src/rp2_common/hardware_timer/timer.c.obj
                0x1000152c                time_us_64
 .text.busy_wait_until
                0x1000153c       0x14 CMakeFiles/src_pico.dir/C_/Users/cyaaq/.pico-sdk/sdk/2.3.0/src/rp2_common/hardware_timer/timer.c.obj
                0x1000153c                busy_wait_until
 .text.clock_configure_internal
                0x10001550       0xc0 CMakeFiles/src_pico.dir/C_/Users/cyaaq/.pico-sdk/sdk/2.3.0/src/rp2_common/hardware_clocks/clocks.c.obj
 .text.clock_configure_int_divider
                0x10001610       0x28 CMakeFiles/src_pico.dir/C_/Users/cyaaq/.pico-sdk/sdk/2.3.0/src/rp2_common/hardware_clocks/clocks.c.obj
                0x10001610                clock_configure_int_divider
 .text.clock_configure_undivided
                0x10001638       0x12 CMakeFiles/src_pico.dir/C_/Users/cyaaq/.pico-sdk/sdk/2.3.0/src/rp2_common/hardware_clocks/clocks.c.obj
                0x10001638                clock_configure_undivided
 *fill*         0x1000164a        0x2 
 .text.clock_get_hz
                0x1000164c        0xc CMakeFiles/src_pico.dir/C_/Users/cyaaq/.pico-sdk/sdk/2.3.0/src/rp2_common/hardware_clocks/clocks.c.obj
                0x1000164c                clock_get_hz
 .text.pll_init
                0x10001658      0x124 CMakeFiles/src_pico.dir/C_/Users/cyaaq/.pico-sdk/sdk/2.3.0/src/rp2_common/hardware_pll/pll.c.obj
                0x10001658                pll_init
 .text.watchdog_update
                0x1000177c       0x14 CMakeFiles/src_pico.dir/C_/Users/cyaaq/.pico-sdk/sdk/2.3.0/src/rp2_common/hardware_watchdog/watchdog.c.obj
                0x1000177c                watchdog_update
 .text._watchdog_enable
                0x10001790       0x78 CMakeFiles/src_pico.dir/C_/Users/cyaaq/.pico-sdk/sdk/2.3.0/src/rp2_common/hardware_watchdog/watchdog.c.obj
                0x10001790                _watchdog_enable
 .text.watchdog_reboot
                0x10001808       0x48 CMakeFiles/src_pico.dir/C_/Users/cyaaq/.pico-sdk/sdk/2.3.0/src/rp2_common/hardware_watchdog/watchdog.c.obj
                0x10001808                watchdog_reboot
 .text.tick_start
                0x10001850       0x10 CMakeFiles/src_pico.dir/C_/Users/cyaaq/.pico-sdk/sdk/2.3.0/src/rp2_common/hardware_ticks/ticks.c.obj
                0x10001850                tick_start
 .text.rom_func_lookup
                0x10001860       0x10 CMakeFiles/src_pico.dir/C_/Users/cyaaq/.pico-sdk/sdk/2.3.0/src/rp2_common/pico_bootrom/bootrom.c.obj
                0x10001860                rom_func_lookup
 .text.rom_data_lookup
                0x10001870       0x10 CMakeFiles/src_pico.dir/C_/Users/cyaaq/.pico-sdk/sdk/2.3.0/src/rp2_common/pico_bootrom/bootrom.c.obj
                0x10001870                rom_data_lookup
 .text.rom_funcs_lookup
                0x10001880       0x36 CMakeFiles/src_pico.dir/C_/Users/cyaaq/.pico-sdk/sdk/2.3.0/src/rp2_common/pico_bootrom/bootrom.c.obj
                0x10001880                rom_funcs_lookup
 *fill*         0x100018b6        0x2 
 .text.rom_reset_usb_boot_extra
                0x100018b8       0x24 CMakeFiles/src_pico.dir/C_/Users/cyaaq/.pico-sdk/sdk/2.3.0/src/rp2_common/pico_bootrom/bootrom.c.obj
                0x100018b8                rom_reset_usb_boot_extra
 .text.xosc_init
                0x100018dc       0x2c CMakeFiles/src_pico.dir/C_/Users/cyaaq/.pico-sdk/sdk/2.3.0/src/rp2_common/hardware_xosc/xosc.c.obj
                0x100018dc                xosc_init
 .text.runtime_run_initializers_from
                0x10001908       0x18 CMakeFiles/src_pico.dir/C_/Users/cyaaq/.pico-sdk/sdk/2.3.0/src/rp2_common/pico_runtime/runtime.c.obj
 .text.first_per_core_initializer
                0x10001920        0x2 CMakeFiles/src_pico.dir/C_/Users/cyaaq/.pico-sdk/sdk/2.3.0/src/rp2_common/pico_runtime/runtime.c.obj
 *fill*         0x10001922        0x2 
 .text.runtime_run_initializers
                0x10001924       0x10 CMakeFiles/src_pico.dir/C_/Users/cyaaq/.pico-sdk/sdk/2.3.0/src/rp2_common/pico_runtime/runtime.c.obj
                0x10001924                runtime_run_initializers
 .text.runtime_init_early_resets
                0x10001934       0x2c CMakeFiles/src_pico.dir/C_/Users/cyaaq/.pico-sdk/sdk/2.3.0/src/rp2_common/pico_runtime_init/runtime_init.c.obj
                0x10001934                runtime_init_early_resets
 .text.runtime_init_usb_power_down
                0x10001960       0x1c CMakeFiles/src_pico.dir/C_/Users/cyaaq/.pico-sdk/sdk/2.3.0/src/rp2_common/pico_runtime_init/runtime_init.c.obj
                0x10001960                runtime_init_usb_power_down
 .text.runtime_init_post_clock_resets
                0x1000197c       0x20 CMakeFiles/src_pico.dir/C_/Users/cyaaq/.pico-sdk/sdk/2.3.0/src/rp2_common/pico_runtime_init/runtime_init.c.obj
                0x1000197c                runtime_init_post_clock_resets
 .text.runtime_init_rp2040_gpio_ie_disable
                0x1000199c       0x14 CMakeFiles/src_pico.dir/C_/Users/cyaaq/.pico-sdk/sdk/2.3.0/src/rp2_common/pico_runtime_init/runtime_init.c.obj
                0x1000199c                runtime_init_rp2040_gpio_ie_disable
 .text.runtime_init_spin_locks_reset
                0x100019b0        0x8 CMakeFiles/src_pico.dir/C_/Users/cyaaq/.pico-sdk/sdk/2.3.0/src/rp2_common/pico_runtime_init/runtime_init.c.obj
                0x100019b0                runtime_init_spin_locks_reset
 .text.runtime_init_install_ram_vector_table
                0x100019b8       0x48 CMakeFiles/src_pico.dir/C_/Users/cyaaq/.pico-sdk/sdk/2.3.0/src/rp2_common/pico_runtime_init/runtime_init.c.obj
                0x100019b8                runtime_init_install_ram_vector_table
 .text.start_all_ticks
                0x10001a00       0x28 CMakeFiles/src_pico.dir/C_/Users/cyaaq/.pico-sdk/sdk/2.3.0/src/rp2_common/pico_runtime_init/runtime_init_clocks.c.obj
 .text.runtime_init_clocks
                0x10001a28       0xcc CMakeFiles/src_pico.dir/C_/Users/cyaaq/.pico-sdk/sdk/2.3.0/src/rp2_common/pico_runtime_init/runtime_init_clocks.c.obj
                0x10001a28                runtime_init_clocks
 .text          0x10001af4       0x10 CMakeFiles/src_pico.dir/C_/Users/cyaaq/.pico-sdk/sdk/2.3.0/src/rp2_common/pico_bit_ops/bit_ops_aeabi.S.obj
 .text.__wrap___aeabi_idiv
                0x10001b04       0x50 CMakeFiles/src_pico.dir/C_/Users/cyaaq/.pico-sdk/sdk/2.3.0/src/rp2_common/pico_divider/divider_hardware.S.obj
                0x10001b04                __wrap___aeabi_idivmod
                0x10001b04                divmod_s32s32
                0x10001b04                div_s32s32
                0x10001b04                __wrap___aeabi_idiv
                0x10001b38                divmod_s32s32_savestate
 .text.__wrap___aeabi_uidiv
                0x10001b54       0x4c CMakeFiles/src_pico.dir/C_/Users/cyaaq/.pico-sdk/sdk/2.3.0/src/rp2_common/pico_divider/divider_hardware.S.obj
                0x10001b54                __wrap___aeabi_uidivmod
                0x10001b54                div_u32u32
                0x10001b54                divmod_u32u32
                0x10001b54                __wrap___aeabi_uidiv
                0x10001b84                divmod_u32u32_savestate
 .text.__wrap___aeabi_ldiv
                0x10001ba0      0x424 CMakeFiles/src_pico.dir/C_/Users/cyaaq/.pico-sdk/sdk/2.3.0/src/rp2_common/pico_divider/divider_hardware.S.obj
                0x10001ba0                div_s64s64
                0x10001ba0                divmod_s64s64
                0x10001ba0                __wrap___aeabi_ldivmod
                0x10001bd0                divmod_u64u64
                0x10001bd0                div_u64u64
                0x10001bd0                __wrap___aeabi_uldivmod
                0x10001be0                divmod_u64u64_savestate
                0x10001c00                divmod_s64s64_unsafe
                0x10001c88                divmod_u64u64_unsafe
 .text.__wrap___aeabi_darithmetic
                0x10001fc4       0x80 CMakeFiles/src_pico.dir/C_/Users/cyaaq/.pico-sdk/sdk/2.3.0/src/rp2_common/pico_double/double_aeabi_rp2040.S.obj
                0x10001fc4                __wrap___aeabi_drsub
                0x10001fca                __wrap___aeabi_dsub
                0x10001fdc                __wrap___aeabi_dadd
                0x10001fee                __wrap___aeabi_ddiv
                0x1000202a                __wrap___aeabi_dmul
 .text.__wrap___aeabi_cdcmple
                0x10002044       0x6c CMakeFiles/src_pico.dir/C_/Users/cyaaq/.pico-sdk/sdk/2.3.0/src/rp2_common/pico_double/double_aeabi_rp2040.S.obj
                0x10002044                __wrap___aeabi_cdrcmple
                0x10002054                __wrap___aeabi_cdcmpeq
                0x10002054                __wrap___aeabi_cdcmple
 .text.__wrap___aeabi_dcmplt
                0x100020b0        0xc CMakeFiles/src_pico.dir/C_/Users/cyaaq/.pico-sdk/sdk/2.3.0/src/rp2_common/pico_double/double_aeabi_rp2040.S.obj
                0x100020b0                __wrap___aeabi_dcmplt
 .text.__wrap___aeabi_dcmple
                0x100020bc       0x10 CMakeFiles/src_pico.dir/C_/Users/cyaaq/.pico-sdk/sdk/2.3.0/src/rp2_common/pico_double/double_aeabi_rp2040.S.obj
                0x100020bc                __wrap___aeabi_dcmple
 .text.__wrap___aeabi_dcmpge
                0x100020cc       0x10 CMakeFiles/src_pico.dir/C_/Users/cyaaq/.pico-sdk/sdk/2.3.0/src/rp2_common/pico_double/double_aeabi_rp2040.S.obj
                0x100020cc                __wrap___aeabi_dcmpge
 .text.__wrap___aeabi_dcmpgt
                0x100020dc        0xa CMakeFiles/src_pico.dir/C_/Users/cyaaq/.pico-sdk/sdk/2.3.0/src/rp2_common/pico_double/double_aeabi_rp2040.S.obj
                0x100020dc                __wrap___aeabi_dcmpgt
 .text.__wrap___aeabi_dcmpun
                0x100020e6       0x18 CMakeFiles/src_pico.dir/C_/Users/cyaaq/.pico-sdk/sdk/2.3.0/src/rp2_common/pico_double/double_aeabi_rp2040.S.obj
                0x100020e6                __wrap___aeabi_dcmpun
 *fill*         0x100020fe        0x2 
 .text.__wrap___aeabi_i2d
                0x10002100       0x38 CMakeFiles/src_pico.dir/C_/Users/cyaaq/.pico-sdk/sdk/2.3.0/src/rp2_common/pico_double/double_aeabi_rp2040.S.obj
                0x10002100                uint2double
                0x10002100                __wrap___aeabi_ui2d
                0x10002108                int2double
                0x10002108                __wrap___aeabi_i2d
 .text.__wrap___aeabi_d2iz
                0x10002138       0x48 CMakeFiles/src_pico.dir/C_/Users/cyaaq/.pico-sdk/sdk/2.3.0/src/rp2_common/pico_double/double_aeabi_rp2040.S.obj
                0x10002138                double2int_z
                0x10002138                __wrap___aeabi_d2iz
 .text.__wrap___aeabi_d2uiz
                0x10002180       0x18 CMakeFiles/src_pico.dir/C_/Users/cyaaq/.pico-sdk/sdk/2.3.0/src/rp2_common/pico_double/double_aeabi_rp2040.S.obj
                0x10002180                double2uint
                0x10002180                __wrap___aeabi_d2uiz
                0x10002180                double2uint_z
 .text.__aeabi_double_init
                0x10002198       0xcc CMakeFiles/src_pico.dir/C_/Users/cyaaq/.pico-sdk/sdk/2.3.0/src/rp2_common/pico_double/double_init_rom_rp2040.c.obj
                0x10002198                __aeabi_double_init
 .text.double_table_shim_on_use_helper
                0x10002264       0x34 CMakeFiles/src_pico.dir/C_/Users/cyaaq/.pico-sdk/sdk/2.3.0/src/rp2_common/pico_double/double_v1_rom_shim_rp2040.S.obj
                0x10002264                double_table_shim_on_use_helper
 .text.__wrap___aeabi_dsub
                0x10002298       0x10 CMakeFiles/src_pico.dir/C_/Users/cyaaq/.pico-sdk/sdk/2.3.0/src/rp2_common/pico_double/double_v1_rom_shim_rp2040.S.obj
                0x10002298                drsub_shim
                0x1000229e                dsub_shim
 .text.dadd_shim
                0x100022a8      0x15c CMakeFiles/src_pico.dir/C_/Users/cyaaq/.pico-sdk/sdk/2.3.0/src/rp2_common/pico_double/double_v1_rom_shim_rp2040.S.obj
                0x100022a8                dadd_shim
 .text.dmul_shim
                0x10002404      0x15c CMakeFiles/src_pico.dir/C_/Users/cyaaq/.pico-sdk/sdk/2.3.0/src/rp2_common/pico_double/double_v1_rom_shim_rp2040.S.obj
                0x10002404                dmul_shim
 .text.ddiv_shim
                0x10002560      0x1b0 CMakeFiles/src_pico.dir/C_/Users/cyaaq/.pico-sdk/sdk/2.3.0/src/rp2_common/pico_double/double_v1_rom_shim_rp2040.S.obj
                0x10002560                ddiv_shim
 .text.double2uint_shim
                0x10002710        0xe CMakeFiles/src_pico.dir/C_/Users/cyaaq/.pico-sdk/sdk/2.3.0/src/rp2_common/pico_double/double_v1_rom_shim_rp2040.S.obj
                0x10002710                double2uint_shim
                0x10002712                double2ufix_shim
 *fill*         0x1000271e        0x2 
 .text.double2uint64_shim
                0x10002720       0x70 CMakeFiles/src_pico.dir/C_/Users/cyaaq/.pico-sdk/sdk/2.3.0/src/rp2_common/pico_double/double_v1_rom_shim_rp2040.S.obj
                0x10002720                double2uint64_shim
                0x10002722                double2ufix64_shim
                0x10002742                d2fix_a
 .text.dunpacks
                0x10002790       0x3c CMakeFiles/src_pico.dir/C_/Users/cyaaq/.pico-sdk/sdk/2.3.0/src/rp2_common/pico_double/double_v1_rom_shim_rp2040.S.obj
                0x10002790                dunpacks
 .text.__aeabi_lmul
                0x100027cc       0x32 CMakeFiles/src_pico.dir/C_/Users/cyaaq/.pico-sdk/sdk/2.3.0/src/rp2_common/pico_int64_ops/pico_int64_ops_aeabi.S.obj
                0x100027cc                __wrap___aeabi_lmul
 *fill*         0x100027fe        0x2 
 .text.__aeabi_float_init
                0x10002800       0xfc CMakeFiles/src_pico.dir/C_/Users/cyaaq/.pico-sdk/sdk/2.3.0/src/rp2_common/pico_float/float_init_rom_rp2040.c.obj
                0x10002800                __aeabi_float_init
 .text.float_table_shim_on_use_helper
                0x100028fc       0x34 CMakeFiles/src_pico.dir/C_/Users/cyaaq/.pico-sdk/sdk/2.3.0/src/rp2_common/pico_float/float_v1_rom_shim_rp2040.S.obj
                0x100028fc                float_table_shim_on_use_helper
 .text          0x10002930       0x10 CMakeFiles/src_pico.dir/C_/Users/cyaaq/.pico-sdk/sdk/2.3.0/src/rp2_common/pico_mem_ops/mem_ops_aeabi.S.obj
                0x10002930                __aeabi_mem_init
 .text.memset   0x10002940        0xc CMakeFiles/src_pico.dir/C_/Users/cyaaq/.pico-sdk/sdk/2.3.0/src/rp2_common/pico_mem_ops/mem_ops_aeabi.S.obj
                0x10002940                __wrap_memset
 .text.memcpy   0x1000294c        0xc CMakeFiles/src_pico.dir/C_/Users/cyaaq/.pico-sdk/sdk/2.3.0/src/rp2_common/pico_mem_ops/mem_ops_aeabi.S.obj
                0x1000294c                __wrap_memcpy
                0x1000294c                __wrap___aeabi_memcpy
 .text._out_null
                0x10002958        0x2 CMakeFiles/src_pico.dir/C_/Users/cyaaq/.pico-sdk/sdk/2.3.0/src/rp2_common/pico_printf/printf.c.obj
 .text._out_fct
                0x1000295a        0xe CMakeFiles/src_pico.dir/C_/Users/cyaaq/.pico-sdk/sdk/2.3.0/src/rp2_common/pico_printf/printf.c.obj
 .text._atoi    0x10002968       0x24 CMakeFiles/src_pico.dir/C_/Users/cyaaq/.pico-sdk/sdk/2.3.0/src/rp2_common/pico_printf/printf.c.obj
 .text._out_rev
                0x1000298c       0xba CMakeFiles/src_pico.dir/C_/Users/cyaaq/.pico-sdk/sdk/2.3.0/src/rp2_common/pico_printf/printf.c.obj
 .text._ntoa_format
                0x10002a46      0x116 CMakeFiles/src_pico.dir/C_/Users/cyaaq/.pico-sdk/sdk/2.3.0/src/rp2_common/pico_printf/printf.c.obj
 .text._ntoa_long
                0x10002b5c       0xb8 CMakeFiles/src_pico.dir/C_/Users/cyaaq/.pico-sdk/sdk/2.3.0/src/rp2_common/pico_printf/printf.c.obj
 .text._ntoa_long_long
                0x10002c14       0xf8 CMakeFiles/src_pico.dir/C_/Users/cyaaq/.pico-sdk/sdk/2.3.0/src/rp2_common/pico_printf/printf.c.obj
 .text._etoa    0x10002d0c      0x448 CMakeFiles/src_pico.dir/C_/Users/cyaaq/.pico-sdk/sdk/2.3.0/src/rp2_common/pico_printf/printf.c.obj
 .text._ftoa    0x10003154      0x340 CMakeFiles/src_pico.dir/C_/Users/cyaaq/.pico-sdk/sdk/2.3.0/src/rp2_common/pico_printf/printf.c.obj
 .text._vsnprintf
                0x10003494      0x684 CMakeFiles/src_pico.dir/C_/Users/cyaaq/.pico-sdk/sdk/2.3.0/src/rp2_common/pico_printf/printf.c.obj
 .text.vfctprintf
                0x10003b18       0x28 CMakeFiles/src_pico.dir/C_/Users/cyaaq/.pico-sdk/sdk/2.3.0/src/rp2_common/pico_printf/printf.c.obj
                0x10003b18                vfctprintf
 .text._exit    0x10003b40        0x4 CMakeFiles/src_pico.dir/C_/Users/cyaaq/.pico-sdk/sdk/2.3.0/src/rp2_common/pico_clib_interface/newlib_interface.c.obj
                0x10003b40                _exit
 .text._fini    0x10003b44        0x2 CMakeFiles/src_pico.dir/C_/Users/cyaaq/.pico-sdk/sdk/2.3.0/src/rp2_common/pico_clib_interface/newlib_interface.c.obj
                0x10003b44                _fini
 .text.exit     0x10003b46        0x6 CMakeFiles/src_pico.dir/C_/Users/cyaaq/.pico-sdk/sdk/2.3.0/src/rp2_common/pico_clib_interface/newlib_interface.c.obj
                0x10003b46                exit
 .text.__assert_func
                0x10003b4c       0x38 CMakeFiles/src_pico.dir/C_/Users/cyaaq/.pico-sdk/sdk/2.3.0/src/rp2_common/pico_clib_interface/newlib_interface.c.obj
                0x10003b4c                __assert_func
 .text.runtime_init
                0x10003b84       0x28 CMakeFiles/src_pico.dir/C_/Users/cyaaq/.pico-sdk/sdk/2.3.0/src/rp2_common/pico_clib_interface/newlib_interface.c.obj
                0x10003b84                runtime_init
 .text.stdio_out_chars_no_crlf
                0x10003bac        0xe CMakeFiles/src_pico.dir/C_/Users/cyaaq/.pico-sdk/sdk/2.3.0/src/rp2_common/pico_stdio/stdio.c.obj
 *fill*         0x10003bba        0x2 
 .text.stdio_out_chars_crlf
                0x10003bbc       0x7c CMakeFiles/src_pico.dir/C_/Users/cyaaq/.pico-sdk/sdk/2.3.0/src/rp2_common/pico_stdio/stdio.c.obj
 .text.stdio_stack_buffer_flush
                0x10003c38       0x44 CMakeFiles/src_pico.dir/C_/Users/cyaaq/.pico-sdk/sdk/2.3.0/src/rp2_common/pico_stdio/stdio.c.obj
 .text.stdio_buffered_printer
                0x10003c7c       0x1a CMakeFiles/src_pico.dir/C_/Users/cyaaq/.pico-sdk/sdk/2.3.0/src/rp2_common/pico_stdio/stdio.c.obj
 *fill*         0x10003c96        0x2 
 .text.stdout_serialize_begin
                0x10003c98       0x30 CMakeFiles/src_pico.dir/C_/Users/cyaaq/.pico-sdk/sdk/2.3.0/src/rp2_common/pico_stdio/stdio.c.obj
                0x10003c98                stdout_serialize_begin
 .text.stdout_serialize_end
                0x10003cc8       0x10 CMakeFiles/src_pico.dir/C_/Users/cyaaq/.pico-sdk/sdk/2.3.0/src/rp2_common/pico_stdio/stdio.c.obj
                0x10003cc8                stdout_serialize_end
 .text.stdio_put_string
                0x10003cd8       0x94 CMakeFiles/src_pico.dir/C_/Users/cyaaq/.pico-sdk/sdk/2.3.0/src/rp2_common/pico_stdio/stdio.c.obj
                0x10003cd8                stdio_put_string
 .text.stdio_set_driver_enabled
                0x10003d6c       0x30 CMakeFiles/src_pico.dir/C_/Users/cyaaq/.pico-sdk/sdk/2.3.0/src/rp2_common/pico_stdio/stdio.c.obj
                0x10003d6c                stdio_set_driver_enabled
 .text.stdio_flush
                0x10003d9c       0x20 CMakeFiles/src_pico.dir/C_/Users/cyaaq/.pico-sdk/sdk/2.3.0/src/rp2_common/pico_stdio/stdio.c.obj
                0x10003d9c                stdio_flush
 .text.stdio_init_all
                0x10003dbc        0x8 CMakeFiles/src_pico.dir/C_/Users/cyaaq/.pico-sdk/sdk/2.3.0/src/rp2_common/pico_stdio/stdio.c.obj
                0x10003dbc                stdio_init_all
 .text.__wrap_puts
                0x10003dc4       0x1e CMakeFiles/src_pico.dir/C_/Users/cyaaq/.pico-sdk/sdk/2.3.0/src/rp2_common/pico_stdio/stdio.c.obj
                0x10003dc4                stdio_puts
                0x10003dc4                __wrap_puts
 *fill*         0x10003de2        0x2 
 .text.__wrap_vprintf
                0x10003de4       0x40 CMakeFiles/src_pico.dir/C_/Users/cyaaq/.pico-sdk/sdk/2.3.0/src/rp2_common/pico_stdio/stdio.c.obj
                0x10003de4                stdio_vprintf
                0x10003de4                __wrap_vprintf
 .text.__wrap_printf
                0x10003e24       0x18 CMakeFiles/src_pico.dir/C_/Users/cyaaq/.pico-sdk/sdk/2.3.0/src/rp2_common/pico_stdio/stdio.c.obj
                0x10003e24                __wrap_printf
                0x10003e24                stdio_printf
 .text.stdio_usb_set_chars_available_callback
                0x10003e3c       0x14 CMakeFiles/src_pico.dir/C_/Users/cyaaq/.pico-sdk/sdk/2.3.0/src/rp2_common/pico_stdio_usb/stdio_usb.c.obj
                0x10003e3c                stdio_usb_set_chars_available_callback
 .text.stdio_usb_out_flush
                0x10003e50       0x4c CMakeFiles/src_pico.dir/C_/Users/cyaaq/.pico-sdk/sdk/2.3.0/src/rp2_common/pico_stdio_usb/stdio_usb.c.obj
 .text.usb_irq  0x10003e9c       0x10 CMakeFiles/src_pico.dir/C_/Users/cyaaq/.pico-sdk/sdk/2.3.0/src/rp2_common/pico_stdio_usb/stdio_usb.c.obj
 .text.timer_task
                0x10003eac       0x78 CMakeFiles/src_pico.dir/C_/Users/cyaaq/.pico-sdk/sdk/2.3.0/src/rp2_common/pico_stdio_usb/stdio_usb.c.obj
 .text.alarm_pool_add_alarm_in_us
                0x10003f24       0x40 CMakeFiles/src_pico.dir/C_/Users/cyaaq/.pico-sdk/sdk/2.3.0/src/rp2_common/pico_stdio_usb/stdio_usb.c.obj
 .text.add_alarm_in_us
                0x10003f64       0x2e CMakeFiles/src_pico.dir/C_/Users/cyaaq/.pico-sdk/sdk/2.3.0/src/rp2_common/pico_stdio_usb/stdio_usb.c.obj
 *fill*         0x10003f92        0x2 
 .text.low_priority_worker_irq
                0x10003f94       0xa8 CMakeFiles/src_pico.dir/C_/Users/cyaaq/.pico-sdk/sdk/2.3.0/src/rp2_common/pico_stdio_usb/stdio_usb.c.obj
 .text.stdio_usb_init
                0x1000403c       0xe0 CMakeFiles/src_pico.dir/C_/Users/cyaaq/.pico-sdk/sdk/2.3.0/src/rp2_common/pico_stdio_usb/stdio_usb.c.obj
                0x1000403c                stdio_usb_init
 .text.stdio_usb_connected
                0x1000411c        0xa CMakeFiles/src_pico.dir/C_/Users/cyaaq/.pico-sdk/sdk/2.3.0/src/rp2_common/pico_stdio_usb/stdio_usb.c.obj
                0x1000411c                stdio_usb_connected
 *fill*         0x10004126        0x2 
 .text.stdio_usb_in_chars
                0x10004128       0xa0 CMakeFiles/src_pico.dir/C_/Users/cyaaq/.pico-sdk/sdk/2.3.0/src/rp2_common/pico_stdio_usb/stdio_usb.c.obj
                0x10004128                stdio_usb_in_chars
 .text.stdio_usb_out_chars
                0x100041c8       0xe8 CMakeFiles/src_pico.dir/C_/Users/cyaaq/.pico-sdk/sdk/2.3.0/src/rp2_common/pico_stdio_usb/stdio_usb.c.obj
 .text.tud_descriptor_device_cb
                0x100042b0        0x8 CMakeFiles/src_pico.dir/C_/Users/cyaaq/.pico-sdk/sdk/2.3.0/src/rp2_common/pico_stdio_usb/stdio_usb_descriptors.c.obj
                0x100042b0                tud_descriptor_device_cb
 .text.tud_descriptor_configuration_cb
                0x100042b8        0x8 CMakeFiles/src_pico.dir/C_/Users/cyaaq/.pico-sdk/sdk/2.3.0/src/rp2_common/pico_stdio_usb/stdio_usb_descriptors.c.obj
                0x100042b8                tud_descriptor_configuration_cb
 .text.tud_descriptor_string_cb
                0x100042c0       0x6c CMakeFiles/src_pico.dir/C_/Users/cyaaq/.pico-sdk/sdk/2.3.0/src/rp2_common/pico_stdio_usb/stdio_usb_descriptors.c.obj
                0x100042c0                tud_descriptor_string_cb
 .text._retrieve_unique_id_on_boot
                0x1000432c       0x10 CMakeFiles/src_pico.dir/C_/Users/cyaaq/.pico-sdk/sdk/2.3.0/src/rp2_common/pico_unique_id/unique_id.c.obj
 .text.pico_get_unique_board_id_string
                0x1000433c       0x58 CMakeFiles/src_pico.dir/C_/Users/cyaaq/.pico-sdk/sdk/2.3.0/src/rp2_common/pico_unique_id/unique_id.c.obj
                0x1000433c                pico_get_unique_board_id_string
 .text.flash_get_unique_id
                0x10004394       0x42 CMakeFiles/src_pico.dir/C_/Users/cyaaq/.pico-sdk/sdk/2.3.0/src/rp2_common/hardware_flash/flash.c.obj
                0x10004394                flash_get_unique_id
 .text.usb_reset_interface_init
                0x100043d6        0x2 CMakeFiles/src_pico.dir/C_/Users/cyaaq/.pico-sdk/sdk/2.3.0/src/rp2_common/pico_usb_reset/usb_reset.c.obj
                0x100043d6                usb_reset_interface_init
 .text.usb_reset_interface_reset
                0x100043d8        0xc CMakeFiles/src_pico.dir/C_/Users/cyaaq/.pico-sdk/sdk/2.3.0/src/rp2_common/pico_usb_reset/usb_reset.c.obj
                0x100043d8                usb_reset_interface_reset
 .text.usb_reset_interface_open
                0x100043e4       0x34 CMakeFiles/src_pico.dir/C_/Users/cyaaq/.pico-sdk/sdk/2.3.0/src/rp2_common/pico_usb_reset/usb_reset.c.obj
                0x100043e4                usb_reset_interface_open
 .text.usb_reset_interface_xfer_cb
                0x10004418        0x4 CMakeFiles/src_pico.dir/C_/Users/cyaaq/.pico-sdk/sdk/2.3.0/src/rp2_common/pico_usb_reset/usb_reset.c.obj
                0x10004418                usb_reset_interface_xfer_cb
 .text.usb_reset_interface_control_xfer_cb
                0x1000441c       0x60 CMakeFiles/src_pico.dir/C_/Users/cyaaq/.pico-sdk/sdk/2.3.0/src/rp2_common/pico_usb_reset/usb_reset.c.obj
                0x1000441c                usb_reset_interface_control_xfer_cb
 .text.tud_descriptor_bos_cb
                0x1000447c        0x8 CMakeFiles/src_pico.dir/C_/Users/cyaaq/.pico-sdk/sdk/2.3.0/src/rp2_common/pico_usb_reset/usb_reset.c.obj
                0x1000447c                tud_descriptor_bos_cb
 .text.tud_vendor_control_xfer_cb
                0x10004484       0x3c CMakeFiles/src_pico.dir/C_/Users/cyaaq/.pico-sdk/sdk/2.3.0/src/rp2_common/pico_usb_reset/usb_reset.c.obj
                0x10004484                tud_vendor_control_xfer_cb
 .text.usbd_app_driver_get_cb
                0x100044c0        0xc CMakeFiles/src_pico.dir/C_/Users/cyaaq/.pico-sdk/sdk/2.3.0/src/rp2_common/pico_usb_reset/usb_reset.c.obj
                0x100044c0                usbd_app_driver_get_cb
 .text.tud_cdc_line_coding_cb
                0x100044cc       0x2c CMakeFiles/src_pico.dir/C_/Users/cyaaq/.pico-sdk/sdk/2.3.0/src/rp2_common/pico_usb_reset/usb_reset.c.obj
                0x100044cc                tud_cdc_line_coding_cb
 .text.hw_endpoint_init
                0x100044f8       0xd0 CMakeFiles/src_pico.dir/C_/Users/cyaaq/.pico-sdk/sdk/2.3.0/lib/tinyusb/src/portable/raspberrypi/rp2040/dcd_rp2040.c.obj
 .text.hw_endpoint_alloc
                0x100045c8       0x48 CMakeFiles/src_pico.dir/C_/Users/cyaaq/.pico-sdk/sdk/2.3.0/lib/tinyusb/src/portable/raspberrypi/rp2040/dcd_rp2040.c.obj
 .text.hw_endpoint_open
                0x10004610       0x54 CMakeFiles/src_pico.dir/C_/Users/cyaaq/.pico-sdk/sdk/2.3.0/lib/tinyusb/src/portable/raspberrypi/rp2040/dcd_rp2040.c.obj
 .text.hw_endpoint_xfer
                0x10004664       0x20 CMakeFiles/src_pico.dir/C_/Users/cyaaq/.pico-sdk/sdk/2.3.0/lib/tinyusb/src/portable/raspberrypi/rp2040/dcd_rp2040.c.obj
 .text.dcd_int_enable
                0x10004684       0x2c CMakeFiles/src_pico.dir/C_/Users/cyaaq/.pico-sdk/sdk/2.3.0/lib/tinyusb/src/portable/raspberrypi/rp2040/dcd_rp2040.c.obj
                0x10004684                dcd_int_enable
 .text.dcd_set_address
                0x100046b0       0x2c CMakeFiles/src_pico.dir/C_/Users/cyaaq/.pico-sdk/sdk/2.3.0/lib/tinyusb/src/portable/raspberrypi/rp2040/dcd_rp2040.c.obj
                0x100046b0                dcd_set_address
 .text.dcd_connect
                0x100046dc       0x10 CMakeFiles/src_pico.dir/C_/Users/cyaaq/.pico-sdk/sdk/2.3.0/lib/tinyusb/src/portable/raspberrypi/rp2040/dcd_rp2040.c.obj
                0x100046dc                dcd_connect
 .text.dcd_init
                0x100046ec       0x80 CMakeFiles/src_pico.dir/C_/Users/cyaaq/.pico-sdk/sdk/2.3.0/lib/tinyusb/src/portable/raspberrypi/rp2040/dcd_rp2040.c.obj
                0x100046ec                dcd_init
 .text.dcd_sof_enable
                0x1000476c       0x1c CMakeFiles/src_pico.dir/C_/Users/cyaaq/.pico-sdk/sdk/2.3.0/lib/tinyusb/src/portable/raspberrypi/rp2040/dcd_rp2040.c.obj
                0x1000476c                dcd_sof_enable
 .text.dcd_edpt0_status_complete
                0x10004788       0x2c CMakeFiles/src_pico.dir/C_/Users/cyaaq/.pico-sdk/sdk/2.3.0/lib/tinyusb/src/portable/raspberrypi/rp2040/dcd_rp2040.c.obj
                0x10004788                dcd_edpt0_status_complete
 .text.dcd_edpt_open
                0x100047b4       0x26 CMakeFiles/src_pico.dir/C_/Users/cyaaq/.pico-sdk/sdk/2.3.0/lib/tinyusb/src/portable/raspberrypi/rp2040/dcd_rp2040.c.obj
                0x100047b4                dcd_edpt_open
 .text.dcd_edpt_close_all
                0x100047da        0x8 CMakeFiles/src_pico.dir/C_/Users/cyaaq/.pico-sdk/sdk/2.3.0/lib/tinyusb/src/portable/raspberrypi/rp2040/dcd_rp2040.c.obj
                0x100047da                dcd_edpt_close_all
 *fill*         0x100047e2        0x2 
 .text.dcd_edpt_xfer
                0x100047e4       0x34 CMakeFiles/src_pico.dir/C_/Users/cyaaq/.pico-sdk/sdk/2.3.0/lib/tinyusb/src/portable/raspberrypi/rp2040/dcd_rp2040.c.obj
                0x100047e4                dcd_edpt_xfer
 .text.dcd_edpt_stall
                0x10004818       0x3c CMakeFiles/src_pico.dir/C_/Users/cyaaq/.pico-sdk/sdk/2.3.0/lib/tinyusb/src/portable/raspberrypi/rp2040/dcd_rp2040.c.obj
                0x10004818                dcd_edpt_stall
 .text.dcd_edpt_clear_stall
                0x10004854       0x30 CMakeFiles/src_pico.dir/C_/Users/cyaaq/.pico-sdk/sdk/2.3.0/lib/tinyusb/src/portable/raspberrypi/rp2040/dcd_rp2040.c.obj
                0x10004854                dcd_edpt_clear_stall
 .text.unaligned_memcpy
                0x10004884       0x14 CMakeFiles/src_pico.dir/C_/Users/cyaaq/.pico-sdk/sdk/2.3.0/lib/tinyusb/src/portable/raspberrypi/rp2040/rp2040_usb.c.obj
 .text.rp2040_usb_init
                0x10004898       0x44 CMakeFiles/src_pico.dir/C_/Users/cyaaq/.pico-sdk/sdk/2.3.0/lib/tinyusb/src/portable/raspberrypi/rp2040/rp2040_usb.c.obj
                0x10004898                rp2040_usb_init
 .text.hw_endpoint_xfer_start
                0x100048dc       0x60 CMakeFiles/src_pico.dir/C_/Users/cyaaq/.pico-sdk/sdk/2.3.0/lib/tinyusb/src/portable/raspberrypi/rp2040/rp2040_usb.c.obj
                0x100048dc                hw_endpoint_xfer_start
 .text.configuration_reset
                0x1000493c       0x7c CMakeFiles/src_pico.dir/C_/Users/cyaaq/.pico-sdk/sdk/2.3.0/lib/tinyusb/src/device/usbd.c.obj
 .text.usbd_reset
                0x100049b8        0xc CMakeFiles/src_pico.dir/C_/Users/cyaaq/.pico-sdk/sdk/2.3.0/lib/tinyusb/src/device/usbd.c.obj
 .text.invoke_class_control
                0x100049c4       0x1a CMakeFiles/src_pico.dir/C_/Users/cyaaq/.pico-sdk/sdk/2.3.0/lib/tinyusb/src/device/usbd.c.obj
 *fill*         0x100049de        0x2 
 .text.process_set_config
                0x100049e0      0x190 CMakeFiles/src_pico.dir/C_/Users/cyaaq/.pico-sdk/sdk/2.3.0/lib/tinyusb/src/device/usbd.c.obj
 .text.tud_event_hook_cb
                0x10004b70        0x2 CMakeFiles/src_pico.dir/C_/Users/cyaaq/.pico-sdk/sdk/2.3.0/lib/tinyusb/src/device/usbd.c.obj
                0x10004b70                tud_event_hook_cb
 .text.tud_sof_cb
                0x10004b72        0x2 CMakeFiles/src_pico.dir/C_/Users/cyaaq/.pico-sdk/sdk/2.3.0/lib/tinyusb/src/device/usbd.c.obj
                0x10004b72                tud_sof_cb
 .text.tud_descriptor_device_qualifier_cb
                0x10004b74        0x4 CMakeFiles/src_pico.dir/C_/Users/cyaaq/.pico-sdk/sdk/2.3.0/lib/tinyusb/src/device/usbd.c.obj
                0x10004b74                tud_descriptor_device_qualifier_cb
 .text.tud_descriptor_other_speed_configuration_cb
                0x10004b78        0x4 CMakeFiles/src_pico.dir/C_/Users/cyaaq/.pico-sdk/sdk/2.3.0/lib/tinyusb/src/device/usbd.c.obj
                0x10004b78                tud_descriptor_other_speed_configuration_cb
 .text.process_get_descriptor
                0x10004b7c       0xf4 CMakeFiles/src_pico.dir/C_/Users/cyaaq/.pico-sdk/sdk/2.3.0/lib/tinyusb/src/device/usbd.c.obj
 .text.tud_mount_cb
                0x10004c70        0x2 CMakeFiles/src_pico.dir/C_/Users/cyaaq/.pico-sdk/sdk/2.3.0/lib/tinyusb/src/device/usbd.c.obj
                0x10004c70                tud_mount_cb
 .text.tud_umount_cb
                0x10004c72        0x2 CMakeFiles/src_pico.dir/C_/Users/cyaaq/.pico-sdk/sdk/2.3.0/lib/tinyusb/src/device/usbd.c.obj
                0x10004c72                tud_umount_cb
 .text.tud_suspend_cb
                0x10004c74        0x2 CMakeFiles/src_pico.dir/C_/Users/cyaaq/.pico-sdk/sdk/2.3.0/lib/tinyusb/src/device/usbd.c.obj
                0x10004c74                tud_suspend_cb
 .text.tud_resume_cb
                0x10004c76        0x2 CMakeFiles/src_pico.dir/C_/Users/cyaaq/.pico-sdk/sdk/2.3.0/lib/tinyusb/src/device/usbd.c.obj
                0x10004c76                tud_resume_cb
 .text.tud_mounted
                0x10004c78       0x10 CMakeFiles/src_pico.dir/C_/Users/cyaaq/.pico-sdk/sdk/2.3.0/lib/tinyusb/src/device/usbd.c.obj
                0x10004c78                tud_mounted
 .text.tud_suspended
                0x10004c88       0x10 CMakeFiles/src_pico.dir/C_/Users/cyaaq/.pico-sdk/sdk/2.3.0/lib/tinyusb/src/device/usbd.c.obj
                0x10004c88                tud_suspended
 .text.tud_inited
                0x10004c98       0x14 CMakeFiles/src_pico.dir/C_/Users/cyaaq/.pico-sdk/sdk/2.3.0/lib/tinyusb/src/device/usbd.c.obj
                0x10004c98                tud_inited
 .text.tud_rhport_init
                0x10004cac       0xfc CMakeFiles/src_pico.dir/C_/Users/cyaaq/.pico-sdk/sdk/2.3.0/lib/tinyusb/src/device/usbd.c.obj
                0x10004cac                tud_rhport_init
 .text.usbd_edpt_open
                0x10004da8       0x64 CMakeFiles/src_pico.dir/C_/Users/cyaaq/.pico-sdk/sdk/2.3.0/lib/tinyusb/src/device/usbd.c.obj
                0x10004da8                usbd_edpt_open
 .text.usbd_open_edpt_pair
                0x10004e0c       0x80 CMakeFiles/src_pico.dir/C_/Users/cyaaq/.pico-sdk/sdk/2.3.0/lib/tinyusb/src/device/usbd.c.obj
                0x10004e0c                usbd_open_edpt_pair
 .text.usbd_edpt_claim
                0x10004e8c       0x28 CMakeFiles/src_pico.dir/C_/Users/cyaaq/.pico-sdk/sdk/2.3.0/lib/tinyusb/src/device/usbd.c.obj
                0x10004e8c                usbd_edpt_claim
 .text.usbd_edpt_release
                0x10004eb4       0x28 CMakeFiles/src_pico.dir/C_/Users/cyaaq/.pico-sdk/sdk/2.3.0/lib/tinyusb/src/device/usbd.c.obj
                0x10004eb4                usbd_edpt_release
 .text.usbd_edpt_xfer
                0x10004edc       0x80 CMakeFiles/src_pico.dir/C_/Users/cyaaq/.pico-sdk/sdk/2.3.0/lib/tinyusb/src/device/usbd.c.obj
                0x10004edc                usbd_edpt_xfer
 .text.usbd_edpt_stall
                0x10004f5c       0x34 CMakeFiles/src_pico.dir/C_/Users/cyaaq/.pico-sdk/sdk/2.3.0/lib/tinyusb/src/device/usbd.c.obj
                0x10004f5c                usbd_edpt_stall
 .text.usbd_edpt_clear_stall
                0x10004f90       0x34 CMakeFiles/src_pico.dir/C_/Users/cyaaq/.pico-sdk/sdk/2.3.0/lib/tinyusb/src/device/usbd.c.obj
                0x10004f90                usbd_edpt_clear_stall
 .text.usbd_edpt_stalled
                0x10004fc4       0x1c CMakeFiles/src_pico.dir/C_/Users/cyaaq/.pico-sdk/sdk/2.3.0/lib/tinyusb/src/device/usbd.c.obj
                0x10004fc4                usbd_edpt_stalled
 .text.process_control_request
                0x10004fe0      0x3f0 CMakeFiles/src_pico.dir/C_/Users/cyaaq/.pico-sdk/sdk/2.3.0/lib/tinyusb/src/device/usbd.c.obj
 .text.tud_task_ext
                0x100053d0      0x1e4 CMakeFiles/src_pico.dir/C_/Users/cyaaq/.pico-sdk/sdk/2.3.0/lib/tinyusb/src/device/usbd.c.obj
                0x100053d0                tud_task_ext
 .text.status_stage_xact
                0x100055b4       0x1a CMakeFiles/src_pico.dir/C_/Users/cyaaq/.pico-sdk/sdk/2.3.0/lib/tinyusb/src/device/usbd_control.c.obj
 *fill*         0x100055ce        0x2 
 .text.data_stage_xact
                0x100055d0       0x60 CMakeFiles/src_pico.dir/C_/Users/cyaaq/.pico-sdk/sdk/2.3.0/lib/tinyusb/src/device/usbd_control.c.obj
 .text.tud_control_status
                0x10005630       0x28 CMakeFiles/src_pico.dir/C_/Users/cyaaq/.pico-sdk/sdk/2.3.0/lib/tinyusb/src/device/usbd_control.c.obj
                0x10005630                tud_control_status
 .text.tud_control_xfer
                0x10005658       0x98 CMakeFiles/src_pico.dir/C_/Users/cyaaq/.pico-sdk/sdk/2.3.0/lib/tinyusb/src/device/usbd_control.c.obj
                0x10005658                tud_control_xfer
 .text.usbd_control_reset
                0x100056f0       0x14 CMakeFiles/src_pico.dir/C_/Users/cyaaq/.pico-sdk/sdk/2.3.0/lib/tinyusb/src/device/usbd_control.c.obj
                0x100056f0                usbd_control_reset
 .text.usbd_control_set_complete_callback
                0x10005704        0xc CMakeFiles/src_pico.dir/C_/Users/cyaaq/.pico-sdk/sdk/2.3.0/lib/tinyusb/src/device/usbd_control.c.obj
                0x10005704                usbd_control_set_complete_callback
 .text.usbd_control_set_request
                0x10005710       0x1c CMakeFiles/src_pico.dir/C_/Users/cyaaq/.pico-sdk/sdk/2.3.0/lib/tinyusb/src/device/usbd_control.c.obj
                0x10005710                usbd_control_set_request
 .text.usbd_control_xfer_cb
                0x1000572c       0xec CMakeFiles/src_pico.dir/C_/Users/cyaaq/.pico-sdk/sdk/2.3.0/lib/tinyusb/src/device/usbd_control.c.obj
                0x1000572c                usbd_control_xfer_cb
 .text._prep_out_transaction
                0x10005818       0x98 CMakeFiles/src_pico.dir/C_/Users/cyaaq/.pico-sdk/sdk/2.3.0/lib/tinyusb/src/class/cdc/cdc_device.c.obj
 .text.tud_cdc_n_connected
                0x100058b0       0x34 CMakeFiles/src_pico.dir/C_/Users/cyaaq/.pico-sdk/sdk/2.3.0/lib/tinyusb/src/class/cdc/cdc_device.c.obj
                0x100058b0                tud_cdc_n_connected
 .text.tud_cdc_n_available
                0x100058e4       0x18 CMakeFiles/src_pico.dir/C_/Users/cyaaq/.pico-sdk/sdk/2.3.0/lib/tinyusb/src/class/cdc/cdc_device.c.obj
                0x100058e4                tud_cdc_n_available
 .text.tud_cdc_n_read
                0x100058fc       0x38 CMakeFiles/src_pico.dir/C_/Users/cyaaq/.pico-sdk/sdk/2.3.0/lib/tinyusb/src/class/cdc/cdc_device.c.obj
                0x100058fc                tud_cdc_n_read
 .text.tud_cdc_n_write_flush
                0x10005934       0xa8 CMakeFiles/src_pico.dir/C_/Users/cyaaq/.pico-sdk/sdk/2.3.0/lib/tinyusb/src/class/cdc/cdc_device.c.obj
                0x10005934                tud_cdc_n_write_flush
 .text.tud_cdc_n_write
                0x100059dc       0x48 CMakeFiles/src_pico.dir/C_/Users/cyaaq/.pico-sdk/sdk/2.3.0/lib/tinyusb/src/class/cdc/cdc_device.c.obj
                0x100059dc                tud_cdc_n_write
 .text.tud_cdc_n_write_available
                0x10005a24       0x18 CMakeFiles/src_pico.dir/C_/Users/cyaaq/.pico-sdk/sdk/2.3.0/lib/tinyusb/src/class/cdc/cdc_device.c.obj
                0x10005a24                tud_cdc_n_write_available
 .text.cdcd_init
                0x10005a3c       0xa4 CMakeFiles/src_pico.dir/C_/Users/cyaaq/.pico-sdk/sdk/2.3.0/lib/tinyusb/src/class/cdc/cdc_device.c.obj
                0x10005a3c                cdcd_init
 .text.cdcd_deinit
                0x10005ae0       0x4c CMakeFiles/src_pico.dir/C_/Users/cyaaq/.pico-sdk/sdk/2.3.0/lib/tinyusb/src/class/cdc/cdc_device.c.obj
                0x10005ae0                cdcd_deinit
 .text.cdcd_reset
                0x10005b2c       0x70 CMakeFiles/src_pico.dir/C_/Users/cyaaq/.pico-sdk/sdk/2.3.0/lib/tinyusb/src/class/cdc/cdc_device.c.obj
                0x10005b2c                cdcd_reset
 .text.cdcd_open
                0x10005b9c      0x104 CMakeFiles/src_pico.dir/C_/Users/cyaaq/.pico-sdk/sdk/2.3.0/lib/tinyusb/src/class/cdc/cdc_device.c.obj
                0x10005b9c                cdcd_open
 .text.cdcd_control_xfer_cb
                0x10005ca0      0x148 CMakeFiles/src_pico.dir/C_/Users/cyaaq/.pico-sdk/sdk/2.3.0/lib/tinyusb/src/class/cdc/cdc_device.c.obj
                0x10005ca0                cdcd_control_xfer_cb
 .text.cdcd_xfer_cb
                0x10005de8      0x14c CMakeFiles/src_pico.dir/C_/Users/cyaaq/.pico-sdk/sdk/2.3.0/lib/tinyusb/src/class/cdc/cdc_device.c.obj
                0x10005de8                cdcd_xfer_cb
 .text.tusb_rhport_init
                0x10005f34       0x7c CMakeFiles/src_pico.dir/C_/Users/cyaaq/.pico-sdk/sdk/2.3.0/lib/tinyusb/src/tusb.c.obj
                0x10005f34                tusb_rhport_init
 .text.tu_edpt_claim
                0x10005fb0       0x56 CMakeFiles/src_pico.dir/C_/Users/cyaaq/.pico-sdk/sdk/2.3.0/lib/tinyusb/src/tusb.c.obj
                0x10005fb0                tu_edpt_claim
 .text.tu_edpt_release
                0x10006006       0x40 CMakeFiles/src_pico.dir/C_/Users/cyaaq/.pico-sdk/sdk/2.3.0/lib/tinyusb/src/tusb.c.obj
                0x10006006                tu_edpt_release
 *fill*         0x10006046        0x2 
 .text.tu_edpt_validate
                0x10006048       0xac CMakeFiles/src_pico.dir/C_/Users/cyaaq/.pico-sdk/sdk/2.3.0/lib/tinyusb/src/tusb.c.obj
                0x10006048                tu_edpt_validate
 .text.tu_edpt_bind_driver
                0x100060f4       0x2a CMakeFiles/src_pico.dir/C_/Users/cyaaq/.pico-sdk/sdk/2.3.0/lib/tinyusb/src/tusb.c.obj
                0x100060f4                tu_edpt_bind_driver
 .text.advance_index
                0x1000611e       0x1a CMakeFiles/src_pico.dir/C_/Users/cyaaq/.pico-sdk/sdk/2.3.0/lib/tinyusb/src/common/tusb_fifo.c.obj
 .text._tu_fifo_peek
                0x10006138       0x5a CMakeFiles/src_pico.dir/C_/Users/cyaaq/.pico-sdk/sdk/2.3.0/lib/tinyusb/src/common/tusb_fifo.c.obj
 .text._ff_pull_n
                0x10006192       0x70 CMakeFiles/src_pico.dir/C_/Users/cyaaq/.pico-sdk/sdk/2.3.0/lib/tinyusb/src/common/tusb_fifo.c.obj
 .text._tu_fifo_peek_n
                0x10006202       0x70 CMakeFiles/src_pico.dir/C_/Users/cyaaq/.pico-sdk/sdk/2.3.0/lib/tinyusb/src/common/tusb_fifo.c.obj
 .text._tu_fifo_read_n
                0x10006272       0x4e CMakeFiles/src_pico.dir/C_/Users/cyaaq/.pico-sdk/sdk/2.3.0/lib/tinyusb/src/common/tusb_fifo.c.obj
 .text._ff_push_n
                0x100062c0       0x70 CMakeFiles/src_pico.dir/C_/Users/cyaaq/.pico-sdk/sdk/2.3.0/lib/tinyusb/src/common/tusb_fifo.c.obj
 .text._tu_fifo_write_n
                0x10006330       0xf0 CMakeFiles/src_pico.dir/C_/Users/cyaaq/.pico-sdk/sdk/2.3.0/lib/tinyusb/src/common/tusb_fifo.c.obj
 .text.tu_fifo_config
                0x10006420       0x82 CMakeFiles/src_pico.dir/C_/Users/cyaaq/.pico-sdk/sdk/2.3.0/lib/tinyusb/src/common/tusb_fifo.c.obj
                0x10006420                tu_fifo_config
 .text.tu_fifo_count
                0x100064a2       0x2c CMakeFiles/src_pico.dir/C_/Users/cyaaq/.pico-sdk/sdk/2.3.0/lib/tinyusb/src/common/tusb_fifo.c.obj
                0x100064a2                tu_fifo_count
 .text.tu_fifo_empty
                0x100064ce        0xe CMakeFiles/src_pico.dir/C_/Users/cyaaq/.pico-sdk/sdk/2.3.0/lib/tinyusb/src/common/tusb_fifo.c.obj
                0x100064ce                tu_fifo_empty
 .text.tu_fifo_full
                0x100064dc       0x2e CMakeFiles/src_pico.dir/C_/Users/cyaaq/.pico-sdk/sdk/2.3.0/lib/tinyusb/src/common/tusb_fifo.c.obj
                0x100064dc                tu_fifo_full
 .text.tu_fifo_remaining
                0x1000650a       0x2e CMakeFiles/src_pico.dir/C_/Users/cyaaq/.pico-sdk/sdk/2.3.0/lib/tinyusb/src/common/tusb_fifo.c.obj
                0x1000650a                tu_fifo_remaining
 .text.tu_fifo_read
                0x10006538       0x42 CMakeFiles/src_pico.dir/C_/Users/cyaaq/.pico-sdk/sdk/2.3.0/lib/tinyusb/src/common/tusb_fifo.c.obj
                0x10006538                tu_fifo_read
 .text.tu_fifo_read_n
                0x1000657a        0xa CMakeFiles/src_pico.dir/C_/Users/cyaaq/.pico-sdk/sdk/2.3.0/lib/tinyusb/src/common/tusb_fifo.c.obj
                0x1000657a                tu_fifo_read_n
 .text.tu_fifo_write
                0x10006584       0x66 CMakeFiles/src_pico.dir/C_/Users/cyaaq/.pico-sdk/sdk/2.3.0/lib/tinyusb/src/common/tusb_fifo.c.obj
                0x10006584                tu_fifo_write
 .text.tu_fifo_write_n
                0x100065ea        0xa CMakeFiles/src_pico.dir/C_/Users/cyaaq/.pico-sdk/sdk/2.3.0/lib/tinyusb/src/common/tusb_fifo.c.obj
                0x100065ea                tu_fifo_write_n
 .text.tu_fifo_clear
                0x100065f4       0x3e CMakeFiles/src_pico.dir/C_/Users/cyaaq/.pico-sdk/sdk/2.3.0/lib/tinyusb/src/common/tusb_fifo.c.obj
                0x100065f4                tu_fifo_clear
 .text.tu_fifo_set_overwritable
                0x10006632       0x46 CMakeFiles/src_pico.dir/C_/Users/cyaaq/.pico-sdk/sdk/2.3.0/lib/tinyusb/src/common/tusb_fifo.c.obj
                0x10006632                tu_fifo_set_overwritable
 .text.strlen   0x10006678       0x60 C:/Users/cyaaq/.pico-sdk/toolchain/15_2_Rel1/bin/../lib/gcc/arm-none-eabi/15.2.1/../../../../arm-none-eabi/lib/thumb/v6-m/nofp\libg.a(libc_a-strlen-stub.o)
                0x10006678                strlen
 .text.strlen.__stub
                0x100066d8       0xd0 linker stubs
 *(.fini)
 *crtbegin.o(.ctors)
 *crtbegin?.o(.ctors)
 *(EXCLUDE_FILE(*crtend.o *crtend?.o) .ctors)
 *(SORT_BY_NAME(.ctors.*))
 *(.ctors)
 *crtbegin.o(.dtors)
 *crtbegin?.o(.dtors)
 *(EXCLUDE_FILE(*crtend.o *crtend?.o) .dtors)
 *(SORT_BY_NAME(.dtors.*))
 *(.dtors)
                0x100067a8                        . = ALIGN (0x4)
                [!provide]                        PROVIDE (__bothinit_array_start = .)
                0x100067a8                        PROVIDE (__preinit_array_start = .)
 *(SORT_BY_NAME(.preinit_array.*))
 .preinit_array.00100
                0x100067a8        0x4 CMakeFiles/src_pico.dir/C_/Users/cyaaq/.pico-sdk/sdk/2.3.0/src/rp2_common/pico_runtime_init/runtime_init.c.obj
                0x100067a8                __pre_init_runtime_init_early_resets
 .preinit_array.00101
                0x100067ac        0x4 CMakeFiles/src_pico.dir/C_/Users/cyaaq/.pico-sdk/sdk/2.3.0/src/rp2_common/pico_runtime_init/runtime_init.c.obj
                0x100067ac                __pre_init_runtime_init_usb_power_down
 .preinit_array.00275
                0x100067b0        0x4 CMakeFiles/src_pico.dir/C_/Users/cyaaq/.pico-sdk/sdk/2.3.0/src/rp2_common/pico_bit_ops/bit_ops_aeabi.S.obj
 .preinit_array.00300
                0x100067b4        0x4 CMakeFiles/src_pico.dir/C_/Users/cyaaq/.pico-sdk/sdk/2.3.0/src/rp2_common/pico_mem_ops/mem_ops_aeabi.S.obj
 .preinit_array.00350
                0x100067b8        0x4 CMakeFiles/src_pico.dir/C_/Users/cyaaq/.pico-sdk/sdk/2.3.0/src/rp2_common/pico_double/double_aeabi_rp2040.S.obj
 .preinit_array.00350
                0x100067bc        0x4 CMakeFiles/src_pico.dir/C_/Users/cyaaq/.pico-sdk/sdk/2.3.0/src/rp2_common/pico_float/float_aeabi_rp2040.S.obj
 .preinit_array.00500
                0x100067c0        0x4 CMakeFiles/src_pico.dir/C_/Users/cyaaq/.pico-sdk/sdk/2.3.0/src/rp2_common/pico_runtime_init/runtime_init.c.obj
                0x100067c0                __pre_init_runtime_init_clocks
 .preinit_array.00600
                0x100067c4        0x4 CMakeFiles/src_pico.dir/C_/Users/cyaaq/.pico-sdk/sdk/2.3.0/src/rp2_common/pico_runtime_init/runtime_init.c.obj
                0x100067c4                __pre_init_runtime_init_post_clock_resets
 .preinit_array.00700
                0x100067c8        0x4 CMakeFiles/src_pico.dir/C_/Users/cyaaq/.pico-sdk/sdk/2.3.0/src/rp2_common/pico_runtime_init/runtime_init.c.obj
                0x100067c8                __pre_init_runtime_init_rp2040_gpio_ie_disable
 .preinit_array.01000
                0x100067cc        0x4 CMakeFiles/src_pico.dir/C_/Users/cyaaq/.pico-sdk/sdk/2.3.0/src/rp2_common/pico_runtime_init/runtime_init.c.obj
                0x100067cc                __pre_init_runtime_init_spin_locks_reset
 .preinit_array.01100
                0x100067d0        0x4 CMakeFiles/src_pico.dir/C_/Users/cyaaq/.pico-sdk/sdk/2.3.0/src/common/pico_sync/mutex.c.obj
                0x100067d0                __pre_init_runtime_init_mutex
 .preinit_array.10080
                0x100067d4        0x4 CMakeFiles/src_pico.dir/C_/Users/cyaaq/.pico-sdk/sdk/2.3.0/src/rp2_common/pico_runtime_init/runtime_init.c.obj
                0x100067d4                __pre_init_runtime_init_install_ram_vector_table
 .preinit_array.11000
                0x100067d8        0x4 CMakeFiles/src_pico.dir/C_/Users/cyaaq/.pico-sdk/sdk/2.3.0/src/common/pico_time/time.c.obj
                0x100067d8                __pre_init_runtime_init_default_alarm_pool
 .preinit_array.YYYYY
                0x100067dc        0x4 CMakeFiles/src_pico.dir/C_/Users/cyaaq/.pico-sdk/sdk/2.3.0/src/rp2_common/pico_runtime/runtime.c.obj
                0x100067dc                __pre_init_first_per_core_initializer
 .preinit_array.ZZZZZ.01200
                0x100067e0        0x4 CMakeFiles/src_pico.dir/C_/Users/cyaaq/.pico-sdk/sdk/2.3.0/src/rp2_common/hardware_irq/irq.c.obj
                0x100067e0                __pre_init_runtime_init_per_core_irq_priorities
 *(.preinit_array)
                0x100067e4                        PROVIDE (__preinit_array_end = .)
                0x100067e4                        . = ALIGN (0x4)
                0x100067e4                        PROVIDE (__init_array_start = .)
 *(SORT_BY_NAME(.init_array.*))
 .init_array.01000
                0x100067e4        0x4 CMakeFiles/src_pico.dir/C_/Users/cyaaq/.pico-sdk/sdk/2.3.0/src/rp2_common/pico_unique_id/unique_id.c.obj
 *(.init_array)
                0x100067e8                        PROVIDE (__init_array_end = .)
                [!provide]                        PROVIDE (__bothinit_array_end = .)
                0x100067e8                        . = ALIGN (0x4)
                [!provide]                        PROVIDE (__fini_array_start = .)
 *(SORT_BY_NAME(.fini_array.*))
 *(.fini_array)
                [!provide]                        PROVIDE (__fini_array_end = .)
                [!provide]                        PROVIDE (__dso_handle = 0x0)
 *(.eh_frame*)
                0x100067e8                        . = ALIGN (0x4)

.glue_7         0x100067e8        0x0
 .glue_7        0x100067e8        0x0 linker stubs

.glue_7t        0x100067e8        0x0
 .glue_7t       0x100067e8        0x0 linker stubs

.vfp11_veneer   0x100067e8        0x0
 .vfp11_veneer  0x100067e8        0x0 linker stubs

.v4_bx          0x100067e8        0x0
 .v4_bx         0x100067e8        0x0 linker stubs

.iplt           0x100067e8        0x0
 .iplt          0x100067e8        0x0 CMakeFiles/src_pico.dir/src_pico.c.obj

.rodata         0x100067e8     0x120c
 *(EXCLUDE_FILE(*libm.a: *lib*_a-mem*.o *libc.a: *libgcc.a:) .rodata*)
 .rodata.main.str1.4
                0x100067e8      0xcbf CMakeFiles/src_pico.dir/src_pico.c.obj
                                 0xa1 (size before relaxing)
 .rodata.rp2040_chip_version.str1.4
                0x100074a7        0x0 CMakeFiles/src_pico.dir/C_/Users/cyaaq/.pico-sdk/sdk/2.3.0/src/rp2040/pico_platform/platform.c.obj
                                 0x7d (size before relaxing)
 *fill*         0x100074a7        0x1 
 .rodata.__func__.0
                0x100074a8       0x14 CMakeFiles/src_pico.dir/C_/Users/cyaaq/.pico-sdk/sdk/2.3.0/src/rp2040/pico_platform/platform.c.obj
 .rodata.panic.str1.4
                0x100074bc        0x0 CMakeFiles/src_pico.dir/C_/Users/cyaaq/.pico-sdk/sdk/2.3.0/src/rp2_common/pico_platform_panic/panic.c.obj
                                 0x11 (size before relaxing)
 .rodata.spin_lock_claim_unused.str1.4
                0x100074bc        0x0 CMakeFiles/src_pico.dir/C_/Users/cyaaq/.pico-sdk/sdk/2.3.0/src/rp2_common/hardware_sync/sync.c.obj
                                 0x1b (size before relaxing)
 .rodata.resolve_j_16.str1.4
                0x100074bc        0x0 CMakeFiles/src_pico.dir/C_/Users/cyaaq/.pico-sdk/sdk/2.3.0/src/rp2_common/hardware_irq/irq.c.obj
                                 0x5d (size before relaxing)
 .rodata.make_j_16.str1.4
                0x100074bc        0x0 CMakeFiles/src_pico.dir/C_/Users/cyaaq/.pico-sdk/sdk/2.3.0/src/rp2_common/hardware_irq/irq.c.obj
                                 0x30 (size before relaxing)
 .rodata.irq_set_exclusive_handler.str1.4
                0x100074bc        0x0 CMakeFiles/src_pico.dir/C_/Users/cyaaq/.pico-sdk/sdk/2.3.0/src/rp2_common/hardware_irq/irq.c.obj
                                 0x36 (size before relaxing)
 .rodata.irq_add_shared_handler.str1.4
                0x100074bc        0x0 CMakeFiles/src_pico.dir/C_/Users/cyaaq/.pico-sdk/sdk/2.3.0/src/rp2_common/hardware_irq/irq.c.obj
                                 0xd2 (size before relaxing)
 .rodata.irq_add_tail_to_free_list.str1.4
                0x100074bc        0x0 CMakeFiles/src_pico.dir/C_/Users/cyaaq/.pico-sdk/sdk/2.3.0/src/rp2_common/hardware_irq/irq.c.obj
                                 0x3a (size before relaxing)
 .rodata.user_irq_claim_unused.str1.4
                0x100074bc        0x0 CMakeFiles/src_pico.dir/C_/Users/cyaaq/.pico-sdk/sdk/2.3.0/src/rp2_common/hardware_irq/irq.c.obj
                                 0x1b (size before relaxing)
 .rodata.__func__.0
                0x100074bc       0x1a CMakeFiles/src_pico.dir/C_/Users/cyaaq/.pico-sdk/sdk/2.3.0/src/rp2_common/hardware_irq/irq.c.obj
 *fill*         0x100074d6        0x2 
 .rodata.__func__.3
                0x100074d8        0xa CMakeFiles/src_pico.dir/C_/Users/cyaaq/.pico-sdk/sdk/2.3.0/src/rp2_common/hardware_irq/irq.c.obj
 *fill*         0x100074e2        0x2 
 .rodata.__func__.4
                0x100074e4        0xd CMakeFiles/src_pico.dir/C_/Users/cyaaq/.pico-sdk/sdk/2.3.0/src/rp2_common/hardware_irq/irq.c.obj
 *fill*         0x100074f1        0x3 
 .rodata.__func__.5
                0x100074f4       0x17 CMakeFiles/src_pico.dir/C_/Users/cyaaq/.pico-sdk/sdk/2.3.0/src/rp2_common/hardware_irq/irq.c.obj
 *fill*         0x1000750b        0x1 
 .rodata.__func__.6
                0x1000750c       0x1a CMakeFiles/src_pico.dir/C_/Users/cyaaq/.pico-sdk/sdk/2.3.0/src/rp2_common/hardware_irq/irq.c.obj
 .rodata.runtime_init_mutex.str1.4
                0x10007526        0x0 CMakeFiles/src_pico.dir/C_/Users/cyaaq/.pico-sdk/sdk/2.3.0/src/common/pico_sync/mutex.c.obj
                                 0x60 (size before relaxing)
 .rodata.str1.4
                0x10007526        0x0 CMakeFiles/src_pico.dir/C_/Users/cyaaq/.pico-sdk/sdk/2.3.0/src/common/pico_sync/mutex.c.obj
                                 0x51 (size before relaxing)
 *fill*         0x10007526        0x2 
 .rodata.__func__.1
                0x10007528        0xb CMakeFiles/src_pico.dir/C_/Users/cyaaq/.pico-sdk/sdk/2.3.0/src/common/pico_sync/mutex.c.obj
 *fill*         0x10007533        0x1 
 .rodata.__func__.3
                0x10007534       0x18 CMakeFiles/src_pico.dir/C_/Users/cyaaq/.pico-sdk/sdk/2.3.0/src/common/pico_sync/mutex.c.obj
 .rodata.__func__.6
                0x1000754c       0x13 CMakeFiles/src_pico.dir/C_/Users/cyaaq/.pico-sdk/sdk/2.3.0/src/common/pico_sync/mutex.c.obj
 .rodata.alarm_pool_irq_handler.str1.4
                0x1000755f        0x0 CMakeFiles/src_pico.dir/C_/Users/cyaaq/.pico-sdk/sdk/2.3.0/src/common/pico_time/time.c.obj
                                 0x6b (size before relaxing)
 .rodata.alarm_pool_get_default.str1.4
                0x1000755f        0x0 CMakeFiles/src_pico.dir/C_/Users/cyaaq/.pico-sdk/sdk/2.3.0/src/common/pico_time/time.c.obj
                                 0x21 (size before relaxing)
 .rodata.sleep_until.str1.4
                0x1000755f        0x0 CMakeFiles/src_pico.dir/C_/Users/cyaaq/.pico-sdk/sdk/2.3.0/src/common/pico_time/time.c.obj
                                 0x4d (size before relaxing)
 *fill*         0x1000755f        0x1 
 .rodata.__func__.2
                0x10007560       0x17 CMakeFiles/src_pico.dir/C_/Users/cyaaq/.pico-sdk/sdk/2.3.0/src/common/pico_time/time.c.obj
 *fill*         0x10007577        0x1 
 .rodata.__func__.3
                0x10007578       0x17 CMakeFiles/src_pico.dir/C_/Users/cyaaq/.pico-sdk/sdk/2.3.0/src/common/pico_time/time.c.obj
 .rodata.timer_hardware_alarm_claim.str1.4
                0x1000758f        0x0 CMakeFiles/src_pico.dir/C_/Users/cyaaq/.pico-sdk/sdk/2.3.0/src/rp2_common/hardware_timer/timer.c.obj
                                 0x22 (size before relaxing)
 .rodata.pll_init.str1.4
                0x1000758f        0x0 CMakeFiles/src_pico.dir/C_/Users/cyaaq/.pico-sdk/sdk/2.3.0/src/rp2_common/hardware_pll/pll.c.obj
                                0x11c (size before relaxing)
 *fill*         0x1000758f        0x1 
 .rodata.__func__.0
                0x10007590        0x9 CMakeFiles/src_pico.dir/C_/Users/cyaaq/.pico-sdk/sdk/2.3.0/src/rp2_common/hardware_pll/pll.c.obj
 .rodata.__aeabi_double_init.str1.4
                0x10007599        0x0 CMakeFiles/src_pico.dir/C_/Users/cyaaq/.pico-sdk/sdk/2.3.0/src/rp2_common/pico_double/double_init_rom_rp2040.c.obj
                                 0x9b (size before relaxing)
 *fill*         0x10007599        0x3 
 .rodata.__func__.0
                0x1000759c       0x14 CMakeFiles/src_pico.dir/C_/Users/cyaaq/.pico-sdk/sdk/2.3.0/src/rp2_common/pico_double/double_init_rom_rp2040.c.obj
 .rodata.__aeabi_float_init.str1.4
                0x100075b0        0x0 CMakeFiles/src_pico.dir/C_/Users/cyaaq/.pico-sdk/sdk/2.3.0/src/rp2_common/pico_float/float_init_rom_rp2040.c.obj
                                 0x8d (size before relaxing)
 .rodata.__func__.0
                0x100075b0       0x13 CMakeFiles/src_pico.dir/C_/Users/cyaaq/.pico-sdk/sdk/2.3.0/src/rp2_common/pico_float/float_init_rom_rp2040.c.obj
 .rodata.str1.4
                0x100075c3        0x0 CMakeFiles/src_pico.dir/C_/Users/cyaaq/.pico-sdk/sdk/2.3.0/src/rp2_common/pico_standard_binary_info/standard_binary_info.c.obj
                                 0x44 (size before relaxing)
 *fill*         0x100075c3        0x1 
 .rodata.__bi_84
                0x100075c4        0xc CMakeFiles/src_pico.dir/C_/Users/cyaaq/.pico-sdk/sdk/2.3.0/src/rp2_common/pico_standard_binary_info/standard_binary_info.c.obj
 .rodata.__bi_78
                0x100075d0        0xc CMakeFiles/src_pico.dir/C_/Users/cyaaq/.pico-sdk/sdk/2.3.0/src/rp2_common/pico_standard_binary_info/standard_binary_info.c.obj
 .rodata.__bi_60
                0x100075dc        0xc CMakeFiles/src_pico.dir/C_/Users/cyaaq/.pico-sdk/sdk/2.3.0/src/rp2_common/pico_standard_binary_info/standard_binary_info.c.obj
 .rodata.__bi_54
                0x100075e8        0xc CMakeFiles/src_pico.dir/C_/Users/cyaaq/.pico-sdk/sdk/2.3.0/src/rp2_common/pico_standard_binary_info/standard_binary_info.c.obj
 .rodata.__bi_48
                0x100075f4        0xc CMakeFiles/src_pico.dir/C_/Users/cyaaq/.pico-sdk/sdk/2.3.0/src/rp2_common/pico_standard_binary_info/standard_binary_info.c.obj
 .rodata.__bi_42
                0x10007600        0xc CMakeFiles/src_pico.dir/C_/Users/cyaaq/.pico-sdk/sdk/2.3.0/src/rp2_common/pico_standard_binary_info/standard_binary_info.c.obj
 .rodata.__bi_34
                0x1000760c        0xc CMakeFiles/src_pico.dir/C_/Users/cyaaq/.pico-sdk/sdk/2.3.0/src/rp2_common/pico_standard_binary_info/standard_binary_info.c.obj
 .rodata.__bi_26
                0x10007618        0xc CMakeFiles/src_pico.dir/C_/Users/cyaaq/.pico-sdk/sdk/2.3.0/src/rp2_common/pico_standard_binary_info/standard_binary_info.c.obj
 .rodata._ftoa.str1.4
                0x10007624        0x0 CMakeFiles/src_pico.dir/C_/Users/cyaaq/.pico-sdk/sdk/2.3.0/src/rp2_common/pico_printf/printf.c.obj
                                 0x15 (size before relaxing)
 *fill*         0x10007624        0x4 
 .rodata.pow10.0
                0x10007628       0x50 CMakeFiles/src_pico.dir/C_/Users/cyaaq/.pico-sdk/sdk/2.3.0/src/rp2_common/pico_printf/printf.c.obj
 .rodata.__assert_func.str1.4
                0x10007678        0x0 CMakeFiles/src_pico.dir/C_/Users/cyaaq/.pico-sdk/sdk/2.3.0/src/rp2_common/pico_clib_interface/newlib_interface.c.obj
                                 0x43 (size before relaxing)
 .rodata.crlf_str.0
                0x10007678        0x2 CMakeFiles/src_pico.dir/C_/Users/cyaaq/.pico-sdk/sdk/2.3.0/src/rp2_common/pico_stdio/stdio.c.obj
 .rodata.stdio_usb_init.str1.4
                0x1000767a        0x0 CMakeFiles/src_pico.dir/C_/Users/cyaaq/.pico-sdk/sdk/2.3.0/src/rp2_common/pico_stdio_usb/stdio_usb.c.obj
                                 0x55 (size before relaxing)
 .rodata.str1.4
                0x1000767a        0x0 CMakeFiles/src_pico.dir/C_/Users/cyaaq/.pico-sdk/sdk/2.3.0/src/rp2_common/pico_stdio_usb/stdio_usb.c.obj
                                 0x13 (size before relaxing)
 *fill*         0x1000767a        0x2 
 .rodata.__bi_204.1
                0x1000767c        0xc CMakeFiles/src_pico.dir/C_/Users/cyaaq/.pico-sdk/sdk/2.3.0/src/rp2_common/pico_stdio_usb/stdio_usb.c.obj
 .rodata.__func__.2
                0x10007688        0xf CMakeFiles/src_pico.dir/C_/Users/cyaaq/.pico-sdk/sdk/2.3.0/src/rp2_common/pico_stdio_usb/stdio_usb.c.obj
 .rodata.str1.4
                0x10007697        0x0 CMakeFiles/src_pico.dir/C_/Users/cyaaq/.pico-sdk/sdk/2.3.0/src/rp2_common/pico_stdio_usb/stdio_usb_descriptors.c.obj
                                 0x2a (size before relaxing)
 *fill*         0x10007697        0x1 
 .rodata.usbd_desc_str
                0x10007698       0x18 CMakeFiles/src_pico.dir/C_/Users/cyaaq/.pico-sdk/sdk/2.3.0/src/rp2_common/pico_stdio_usb/stdio_usb_descriptors.c.obj
 .rodata.usbd_desc_cfg
                0x100076b0       0x54 CMakeFiles/src_pico.dir/C_/Users/cyaaq/.pico-sdk/sdk/2.3.0/src/rp2_common/pico_stdio_usb/stdio_usb_descriptors.c.obj
 .rodata.usbd_desc_device
                0x10007704       0x12 CMakeFiles/src_pico.dir/C_/Users/cyaaq/.pico-sdk/sdk/2.3.0/src/rp2_common/pico_stdio_usb/stdio_usb_descriptors.c.obj
 .rodata.pico_get_unique_board_id_string.str1.4
                0x10007716        0x0 CMakeFiles/src_pico.dir/C_/Users/cyaaq/.pico-sdk/sdk/2.3.0/src/rp2_common/pico_unique_id/unique_id.c.obj
                                 0x55 (size before relaxing)
 *fill*         0x10007716        0x2 
 .rodata.__func__.0
                0x10007718       0x20 CMakeFiles/src_pico.dir/C_/Users/cyaaq/.pico-sdk/sdk/2.3.0/src/rp2_common/pico_unique_id/unique_id.c.obj
 .rodata.str1.4
                0x10007738        0x0 CMakeFiles/src_pico.dir/C_/Users/cyaaq/.pico-sdk/sdk/2.3.0/src/rp2_common/hardware_flash/flash.c.obj
                                0x205 (size before relaxing)
 .rodata.__func__.0
                0x10007738       0x10 CMakeFiles/src_pico.dir/C_/Users/cyaaq/.pico-sdk/sdk/2.3.0/src/rp2_common/hardware_flash/flash.c.obj
 .rodata.desc_ms_os_20
                0x10007748       0xa6 CMakeFiles/src_pico.dir/C_/Users/cyaaq/.pico-sdk/sdk/2.3.0/src/rp2_common/pico_usb_reset/usb_reset.c.obj
 *fill*         0x100077ee        0x2 
 .rodata.desc_bos
                0x100077f0       0x21 CMakeFiles/src_pico.dir/C_/Users/cyaaq/.pico-sdk/sdk/2.3.0/src/rp2_common/pico_usb_reset/usb_reset.c.obj
                0x100077f0                desc_bos
 *fill*         0x10007811        0x3 
 .rodata.usb_reset_interface_driver
                0x10007814       0x20 CMakeFiles/src_pico.dir/C_/Users/cyaaq/.pico-sdk/sdk/2.3.0/src/rp2_common/pico_usb_reset/usb_reset.c.obj
 .rodata.hw_endpoint_alloc.str1.4
                0x10007834        0x0 CMakeFiles/src_pico.dir/C_/Users/cyaaq/.pico-sdk/sdk/2.3.0/lib/tinyusb/src/portable/raspberrypi/rp2040/dcd_rp2040.c.obj
                                 0xa0 (size before relaxing)
 .rodata.str1.4
                0x10007834        0x0 CMakeFiles/src_pico.dir/C_/Users/cyaaq/.pico-sdk/sdk/2.3.0/lib/tinyusb/src/portable/raspberrypi/rp2040/dcd_rp2040.c.obj
                                 0x14 (size before relaxing)
 .rodata.dcd_int_enable.str1.4
                0x10007834        0x0 CMakeFiles/src_pico.dir/C_/Users/cyaaq/.pico-sdk/sdk/2.3.0/lib/tinyusb/src/portable/raspberrypi/rp2040/dcd_rp2040.c.obj
                                  0xc (size before relaxing)
 .rodata.__func__.0
                0x10007834        0xe CMakeFiles/src_pico.dir/C_/Users/cyaaq/.pico-sdk/sdk/2.3.0/lib/tinyusb/src/portable/raspberrypi/rp2040/dcd_rp2040.c.obj
 *fill*         0x10007842        0x2 
 .rodata.__func__.3